******************************************************************************
                  TI ARM Linker PC v16.9.3                     
******************************************************************************
>> Linked Wed Sep 13 17:38:13 2017

OUTPUT FILE NAME:   <ADC.out>
ENTRY POINT SYMBOL: "_c_int00"  address: 00000cad


MEMORY CONFIGURATION

         name            origin    length      used     unused   attr    fill
----------------------  --------  ---------  --------  --------  ----  --------
  FLASH                 00000000   00040000  000011a0  0003ee60  R  X
  SRAM                  20000000   00008000  00000220  00007de0  RW X


SEGMENT ALLOCATION MAP

run origin  load origin   length   init length attrs members
----------  ----------- ---------- ----------- ----- -------
00000000    00000000    000011a4   000011a4    r-x
  00000000    00000000    0000026c   0000026c    r-- .intvecs
  0000026c    0000026c    00000e50   00000e50    r-x .text
  000010bc    000010bc    000000c0   000000c0    r-- .const
  00001180    00001180    00000024   00000024    r-- .cinit
20000000    20000000    00000220   00000000    rw-
  20000000    20000000    00000200   00000000    rw- .stack
  20000200    20000200    00000020   00000000    rw- .data


SECTION ALLOCATION MAP

 output                                  attributes/
section   page    origin      length       input sections
--------  ----  ----------  ----------   ----------------
.intvecs   0    00000000    0000026c     
                  00000000    0000026c     tm4c123gh6pm_startup_ccs.obj (.intvecs)

.text      0    0000026c    00000e50     
                  0000026c    0000049c     uartstdio.obj (.text)
                  00000708    00000132     driverlib.lib : gpio.obj (.text:GPIOPadConfigSet)
                  0000083a    00000002     rtsv7M4_T_le_v4SPD16_eabi.lib : i_div0.obj (.text)
                  0000083c    0000012c     main.obj (.text)
                  00000968    000000f4     driverlib.lib : sysctl.obj (.text:SysCtlClockSet)
                  00000a5c    0000009c     rtsv7M4_T_le_v4SPD16_eabi.lib : memcpy_t2.obj (.text)
                  00000af8    0000007a     driverlib.lib : adc.obj (.text:ADCSequenceStepConfigure)
                  00000b72    00000002     rtsv7M4_T_le_v4SPD16_eabi.lib : mpu_init.obj (.text)
                  00000b74    00000070                                   : autoinit.obj (.text)
                  00000be4    00000068                                   : copy_decompress_lzss.obj (.text:decompress:lzss)
                  00000c4c    00000060     InitConsole.obj (.text)
                  00000cac    00000054     rtsv7M4_T_le_v4SPD16_eabi.lib : boot.obj (.text)
                  00000d00    00000054                                   : exit.obj (.text)
                  00000d54    00000050     driverlib.lib : adc.obj (.text:ADCSequenceConfigure)
                  00000da4    0000004c     rtsv7M4_T_le_v4SPD16_eabi.lib : cpy_tbl.obj (.text)
                  00000df0    00000048     driverlib.lib : gpio.obj (.text:GPIOPinConfigure)
                  00000e38    00000046                   : uart.obj (.text:UARTConfigSetExpClk)
                  00000e7e    00000040     rtsv7M4_T_le_v4SPD16_eabi.lib : u_divt2.obj (.text)
                  00000ebe    00000002                                   : startup.obj (.text)
                  00000ec0    00000038     driverlib.lib : sysctl.obj (.text:SysCtlPeripheralPresent)
                  00000ef8    00000038                   : sysctl.obj (.text:SysCtlPeripheralReady)
                  00000f30    00000034                   : sysctl.obj (.text:SysCtlPeripheralEnable)
                  00000f64    0000002e                   : adc.obj (.text:ADCIntStatus)
                  00000f92    0000002a                   : gpio.obj (.text:GPIODirModeSet)
                  00000fbc    00000020                   : uart.obj (.text:UARTDisable)
                  00000fdc    0000001e                   : adc.obj (.text:ADCSequenceDataGet)
                  00000ffa    00000018                   : adc.obj (.text:ADCProcessorTrigger)
                  00001012    00000002     --HOLE-- [fill = 0]
                  00001014    00000018     rtsv7M4_T_le_v4SPD16_eabi.lib : args_main.obj (.text)
                  0000102c    00000014     driverlib.lib : uart.obj (.text:UARTEnable)
                  00001040    00000014     rtsv7M4_T_le_v4SPD16_eabi.lib : _lock.obj (.text)
                  00001054    00000012     driverlib.lib : gpio.obj (.text:GPIOPinTypeUART)
                  00001066    0000000e                   : adc.obj (.text:ADCSequenceEnable)
                  00001074    0000000e     rtsv7M4_T_le_v4SPD16_eabi.lib : copy_decompress_none.obj (.text:decompress:none)
                  00001082    0000000c     tm4c123gh6pm_startup_ccs.obj (.text)
                  0000108e    0000000a     driverlib.lib : adc.obj (.text:ADCIntClear)
                  00001098    0000000a                   : uart.obj (.text:UARTCharGet)
                  000010a2    0000000a                   : uart.obj (.text:UARTCharPut)
                  000010ac    00000006                   : sysctl.obj (.text:SysCtlDelay)
                  000010b2    00000006                   : uart.obj (.text:UARTClockSourceSet)
                  000010b8    00000004     rtsv7M4_T_le_v4SPD16_eabi.lib : pre_init.obj (.text)

.const     0    000010bc    000000c0     
                  000010bc    00000090     driverlib.lib : gpio.obj (.const:g_pui32GPIOBaseAddrs)
                  0000114c    00000012     uartstdio.obj (.const:.string)
                  0000115e    00000002     --HOLE-- [fill = 0]
                  00001160    0000000c     uartstdio.obj (.const:g_ui32UARTBase)
                  0000116c    0000000c     uartstdio.obj (.const:g_ui32UARTPeriph)
                  00001178    00000004     uartstdio.obj (.const)

.cinit     0    00001180    00000024     
                  00001180    00000011     (.cinit..data.load) [load image, compression = lzss]
                  00001191    00000003     --HOLE-- [fill = 0]
                  00001194    00000008     (__TI_handler_table)
                  0000119c    00000008     (__TI_cinit_table)

.init_array 
*          0    00000000    00000000     UNINITIALIZED

.stack     0    20000000    00000200     UNINITIALIZED
                  20000000    00000200     --HOLE--

.data      0    20000200    00000020     UNINITIALIZED
                  20000200    0000000c     rtsv7M4_T_le_v4SPD16_eabi.lib : exit.obj (.data:$O1$$)
                  2000020c    00000008                                   : _lock.obj (.data:$O1$$)
                  20000214    00000005     uartstdio.obj (.data)
                  20000219    00000003     --HOLE--
                  2000021c    00000004     rtsv7M4_T_le_v4SPD16_eabi.lib : stkdepth_vars.obj (.data)

MODULE SUMMARY

       Module                         code   ro data   rw data
       ------                         ----   -------   -------
    .\
       uartstdio.obj                  1180   46        5      
       tm4c123gh6pm_startup_ccs.obj   12     620       0      
       main.obj                       300    0         0      
       InitConsole.obj                96     0         0      
    +--+------------------------------+------+---------+---------+
       Total:                         1588   666       5      
                                                              
    C:/ti/TivaWare_C_Series-2.1.4.178/driverlib/ccs/Debug/driverlib.lib
       gpio.obj                       438    144       0      
       sysctl.obj                     414    0         0      
       adc.obj                        326    0         0      
       uart.obj                       148    0         0      
    +--+------------------------------+------+---------+---------+
       Total:                         1326   144       0      
                                                              
    C:\ti\ccsv7\tools\compiler\ti-cgt-arm_16.9.3.LTS\lib\rtsv7M4_T_le_v4SPD16_eabi.lib
       memcpy_t2.obj                  156    0         0      
       autoinit.obj                   112    0         0      
       copy_decompress_lzss.obj       104    0         0      
       exit.obj                       84     0         12     
       boot.obj                       84     0         0      
       cpy_tbl.obj                    76     0         0      
       u_divt2.obj                    64     0         0      
       _lock.obj                      20     0         8      
       args_main.obj                  24     0         0      
       copy_decompress_none.obj       14     0         0      
       pre_init.obj                   4      0         0      
       stkdepth_vars.obj              0      0         4      
       i_div0.obj                     2      0         0      
       mpu_init.obj                   2      0         0      
       startup.obj                    2      0         0      
    +--+------------------------------+------+---------+---------+
       Total:                         748    0         24     
                                                              
       Stack:                         0      0         512    
       Linker Generated:              0      33        0      
    +--+------------------------------+------+---------+---------+
       Grand Total:                   3662   843       541    


LINKER GENERATED COPY TABLES

__TI_cinit_table @ 0000119c records: 1, size/record: 8, table size: 8
	.data: load addr=00001180, load size=00000011 bytes, run addr=20000200, run size=00000020 bytes, compression=lzss


LINKER GENERATED HANDLER TABLE

__TI_handler_table @ 00001194 records: 2, size/record: 4, table size: 8
	index: 0, handler: __TI_decompress_lzss
	index: 1, handler: __TI_decompress_none


GLOBAL SYMBOLS: SORTED ALPHABETICALLY BY Name 

address   name                           
-------   ----                           
0000108f  ADCIntClear                    
00000f65  ADCIntStatus                   
00000ffb  ADCProcessorTrigger            
00000d55  ADCSequenceConfigure           
00000fdd  ADCSequenceDataGet             
00001067  ADCSequenceEnable              
00000af9  ADCSequenceStepConfigure       
000008f5  ADC_Init                       
00000d01  C$$EXIT                        
00000f93  GPIODirModeSet                 
00000709  GPIOPadConfigSet               
00000df1  GPIOPinConfigure               
00001055  GPIOPinTypeUART                
00000c4d  InitConsole                    
00001083  ResetISR                       
UNDEFED   SHT$$INIT_ARRAY$$Base          
UNDEFED   SHT$$INIT_ARRAY$$Limit         
00000969  SysCtlClockSet                 
000010ad  SysCtlDelay                    
00000f31  SysCtlPeripheralEnable         
00000ec1  SysCtlPeripheralPresent        
00000ef9  SysCtlPeripheralReady          
0000088f  SysTick80_Delay_10ms           
00000869  SysTick_Delay_10ms             
0000083d  SysTick_Init                   
00001099  UARTCharGet                    
000010a3  UARTCharPut                    
000010b3  UARTClockSourceSet             
00000e39  UARTConfigSetExpClk            
00000fbd  UARTDisable                    
0000102d  UARTEnable                     
0000026d  UARTStdioConfig                
000003b3  UARTgetc                       
000002f9  UARTgets                       
000006d3  UARTprintf                     
000003d9  UARTvprintf                    
000002b3  UARTwrite                      
20000200  __STACK_END                    
00000200  __STACK_SIZE                   
20000200  __STACK_TOP                    
0000119c  __TI_CINIT_Base                
000011a4  __TI_CINIT_Limit               
00001194  __TI_Handler_Table_Base        
0000119c  __TI_Handler_Table_Limit       
00000b75  __TI_auto_init                 
20000200  __TI_cleanup_ptr               
00000be5  __TI_decompress_lzss           
00001075  __TI_decompress_none           
20000204  __TI_dtors_ptr                 
20000208  __TI_enable_exit_profile_output
ffffffff  __TI_pprof_out_hndl            
ffffffff  __TI_prof_data_size            
ffffffff  __TI_prof_data_start           
00000000  __TI_static_base__             
0000083b  __aeabi_idiv0                  
00000a5d  __aeabi_memcpy                 
00000a5d  __aeabi_memcpy4                
00000a5d  __aeabi_memcpy8                
00000e7f  __aeabi_uidiv                  
00000e7f  __aeabi_uidivmod               
ffffffff  __binit__                      
ffffffff  __c_args__                     
00000b73  __mpu_init                     
20000000  __stack                        
00001015  _args_main                     
00000cad  _c_int00                       
2000020c  _lock                          
0000104f  _nop                           
00001047  _register_lock                 
00001041  _register_unlock               
00000ebf  _system_post_cinit             
000010b9  _system_pre_init               
20000210  _unlock                        
00000d05  abort                          
ffffffff  binit                          
00000da5  copy_in                        
00000d0d  exit                           
00000000  g_pfnVectors                   
000008b5  main                           
2000021c  main_func_sp                   
00000a5d  memcpy                         


GLOBAL SYMBOLS: SORTED BY Symbol Address 

address   name                           
-------   ----                           
00000000  __TI_static_base__             
00000000  g_pfnVectors                   
00000200  __STACK_SIZE                   
0000026d  UARTStdioConfig                
000002b3  UARTwrite                      
000002f9  UARTgets                       
000003b3  UARTgetc                       
000003d9  UARTvprintf                    
000006d3  UARTprintf                     
00000709  GPIOPadConfigSet               
0000083b  __aeabi_idiv0                  
0000083d  SysTick_Init                   
00000869  SysTick_Delay_10ms             
0000088f  SysTick80_Delay_10ms           
000008b5  main                           
000008f5  ADC_Init                       
00000969  SysCtlClockSet                 
00000a5d  __aeabi_memcpy                 
00000a5d  __aeabi_memcpy4                
00000a5d  __aeabi_memcpy8                
00000a5d  memcpy                         
00000af9  ADCSequenceStepConfigure       
00000b73  __mpu_init                     
00000b75  __TI_auto_init                 
00000be5  __TI_decompress_lzss           
00000c4d  InitConsole                    
00000cad  _c_int00                       
00000d01  C$$EXIT                        
00000d05  abort                          
00000d0d  exit                           
00000d55  ADCSequenceConfigure           
00000da5  copy_in                        
00000df1  GPIOPinConfigure               
00000e39  UARTConfigSetExpClk            
00000e7f  __aeabi_uidiv                  
00000e7f  __aeabi_uidivmod               
00000ebf  _system_post_cinit             
00000ec1  SysCtlPeripheralPresent        
00000ef9  SysCtlPeripheralReady          
00000f31  SysCtlPeripheralEnable         
00000f65  ADCIntStatus                   
00000f93  GPIODirModeSet                 
00000fbd  UARTDisable                    
00000fdd  ADCSequenceDataGet             
00000ffb  ADCProcessorTrigger            
00001015  _args_main                     
0000102d  UARTEnable                     
00001041  _register_unlock               
00001047  _register_lock                 
0000104f  _nop                           
00001055  GPIOPinTypeUART                
00001067  ADCSequenceEnable              
00001075  __TI_decompress_none           
00001083  ResetISR                       
0000108f  ADCIntClear                    
00001099  UARTCharGet                    
000010a3  UARTCharPut                    
000010ad  SysCtlDelay                    
000010b3  UARTClockSourceSet             
000010b9  _system_pre_init               
00001194  __TI_Handler_Table_Base        
0000119c  __TI_CINIT_Base                
0000119c  __TI_Handler_Table_Limit       
000011a4  __TI_CINIT_Limit               
20000000  __stack                        
20000200  __STACK_END                    
20000200  __STACK_TOP                    
20000200  __TI_cleanup_ptr               
20000204  __TI_dtors_ptr                 
20000208  __TI_enable_exit_profile_output
2000020c  _lock                          
20000210  _unlock                        
2000021c  main_func_sp                   
ffffffff  __TI_pprof_out_hndl            
ffffffff  __TI_prof_data_size            
ffffffff  __TI_prof_data_start           
ffffffff  __binit__                      
ffffffff  __c_args__                     
ffffffff  binit                          
UNDEFED   SHT$$INIT_ARRAY$$Base          
UNDEFED   SHT$$INIT_ARRAY$$Limit         

[81 symbols]
