******************************************************************************
                  TI ARM Linker PC v16.9.3                     
******************************************************************************
>> Linked Sat Sep 23 18:51:29 2017

OUTPUT FILE NAME:   <UARTbet2Launchpads.out>
ENTRY POINT SYMBOL: "_c_int00"  address: 000009d9


MEMORY CONFIGURATION

         name            origin    length      used     unused   attr    fill
----------------------  --------  ---------  --------  --------  ----  --------
  FLASH                 00000000   00040000  000010d4  0003ef2c  R  X
  SRAM                  20000000   00008000  00000484  00007b7c  RW X


SEGMENT ALLOCATION MAP

run origin  load origin   length   init length attrs members
----------  ----------- ---------- ----------- ----- -------
00000000    00000000    000010d8   000010d8    r-x
  00000000    00000000    0000026c   0000026c    r-- .intvecs
  0000026c    0000026c    00000b2c   00000b2c    r-x .text
  00000d98    00000d98    00000304   00000304    r-- .const
  000010a0    000010a0    00000038   00000038    r-- .cinit
20000000    20000000    00000484   00000000    rw-
  20000000    20000000    0000026c   00000000    rw- .vtable
  2000026c    2000026c    00000200   00000000    rw- .stack
  2000046c    2000046c    00000018   00000000    rw- .data


SECTION ALLOCATION MAP

 output                                  attributes/
section   page    origin      length       input sections
--------  ----  ----------  ----------   ----------------
.intvecs   0    00000000    0000026c     
                  00000000    0000026c     tm4c123gh6pm_startup_ccs.obj (.intvecs)

.text      0    0000026c    00000b2c     
                  0000026c    00000184     main.obj (.text)
                  000003f0    00000132     driverlib.lib : gpio.obj (.text:GPIOPadConfigSet)
                  00000522    00000002     rtsv7M4_T_le_v4SPD16_eabi.lib : mpu_init.obj (.text)
                  00000524    00000110     driverlib.lib : sysctl.obj (.text:SysCtlClockGet)
                  00000634    000000f4                   : sysctl.obj (.text:SysCtlClockSet)
                  00000728    0000009c     rtsv7M4_T_le_v4SPD16_eabi.lib : memcpy_t2.obj (.text)
                  000007c4    0000007a                                   : memset_t2.obj (.text)
                  0000083e    00000002                                   : startup.obj (.text)
                  00000840    00000070                                   : autoinit.obj (.text)
                  000008b0    00000068     driverlib.lib : interrupt.obj (.text:IntEnable)
                  00000918    00000068     rtsv7M4_T_le_v4SPD16_eabi.lib : copy_decompress_lzss.obj (.text:decompress:lzss)
                  00000980    00000056     driverlib.lib : gpio.obj (.text:GPIOIntTypeSet)
                  000009d6    00000002     --HOLE-- [fill = 0]
                  000009d8    00000054     rtsv7M4_T_le_v4SPD16_eabi.lib : boot.obj (.text)
                  00000a2c    00000054                                   : exit.obj (.text)
                  00000a80    0000004c                                   : cpy_tbl.obj (.text)
                  00000acc    00000048     driverlib.lib : gpio.obj (.text:GPIOPinConfigure)
                  00000b14    00000046                   : uart.obj (.text:UARTConfigSetExpClk)
                  00000b5a    00000002     --HOLE-- [fill = 0]
                  00000b5c    00000044                   : gpio.obj (.text:_GPIOIntNumberGet)
                  00000ba0    00000038                   : sysctl.obj (.text:SysCtlPeripheralReady)
                  00000bd8    00000034                   : interrupt.obj (.text:IntRegister)
                  00000c0c    00000034                   : sysctl.obj (.text:SysCtlPeripheralEnable)
                  00000c40    0000002a                   : gpio.obj (.text:GPIODirModeSet)
                  00000c6a    00000002     --HOLE-- [fill = 0]
                  00000c6c    00000020                   : uart.obj (.text:UARTDisable)
                  00000c8c    00000018                   : gpio.obj (.text:GPIOIntRegister)
                  00000ca4    00000018                   : gpio.obj (.text:GPIOPinTypeGPIOOutput)
                  00000cbc    00000018     rtsv7M4_T_le_v4SPD16_eabi.lib : args_main.obj (.text)
                  00000cd4    00000014     driverlib.lib : uart.obj (.text:UARTEnable)
                  00000ce8    00000014     rtsv7M4_T_le_v4SPD16_eabi.lib : _lock.obj (.text)
                  00000cfc    00000012     driverlib.lib : gpio.obj (.text:GPIOPinTypeGPIOInput)
                  00000d0e    00000012                   : gpio.obj (.text:GPIOPinTypeUART)
                  00000d20    0000000e                   : gpio.obj (.text:GPIOIntStatus)
                  00000d2e    0000000e                   : uart.obj (.text:UARTCharsAvail)
                  00000d3c    0000000e     rtsv7M4_T_le_v4SPD16_eabi.lib : copy_decompress_none.obj (.text:decompress:none)
                  00000d4a    0000000c     driverlib.lib : gpio.obj (.text:GPIOIntEnable)
                  00000d56    0000000c     rtsv7M4_T_le_v4SPD16_eabi.lib : copy_zero_init.obj (.text:decompress:ZI)
                  00000d62    0000000c     tm4c123gh6pm_startup_ccs.obj (.text)
                  00000d6e    0000000a     driverlib.lib : uart.obj (.text:UARTCharGet)
                  00000d78    0000000a                   : uart.obj (.text:UARTCharPut)
                  00000d82    00000006                   : gpio.obj (.text:GPIOIntClear)
                  00000d88    00000006                   : sysctl.obj (.text:SysCtlDelay)
                  00000d8e    00000006                   : uart.obj (.text:UARTClockSourceSet)
                  00000d94    00000004     rtsv7M4_T_le_v4SPD16_eabi.lib : pre_init.obj (.text)

.const     0    00000d98    00000304     
                  00000d98    000000d8     driverlib.lib : gpio.obj (.const:g_ppui32GPIOIntMapSnowflake)
                  00000e70    000000c0                   : gpio.obj (.const:g_ppui32GPIOIntMapBlizzard)
                  00000f30    00000090                   : gpio.obj (.const:g_pui32GPIOBaseAddrs)
                  00000fc0    00000070                   : interrupt.obj (.const)
                  00001030    0000006c                   : sysctl.obj (.const:g_pui32Xtals)

.cinit     0    000010a0    00000038     
                  000010a0    00000011     (.cinit..data.load) [load image, compression = lzss]
                  000010b1    00000003     --HOLE-- [fill = 0]
                  000010b4    0000000c     (__TI_handler_table)
                  000010c0    00000008     (.cinit..vtable.load) [load image, compression = zero_init]
                  000010c8    00000010     (__TI_cinit_table)

.init_array 
*          0    00000000    00000000     UNINITIALIZED

.vtable    0    20000000    0000026c     UNINITIALIZED
                  20000000    0000026c     driverlib.lib : interrupt.obj (.vtable)

.stack     0    2000026c    00000200     UNINITIALIZED
                  2000026c    00000200     --HOLE--

.data      0    2000046c    00000018     UNINITIALIZED
                  2000046c    0000000c     rtsv7M4_T_le_v4SPD16_eabi.lib : exit.obj (.data:$O1$$)
                  20000478    00000008                                   : _lock.obj (.data:$O1$$)
                  20000480    00000004                                   : stkdepth_vars.obj (.data)

MODULE SUMMARY

       Module                         code   ro data   rw data
       ------                         ----   -------   -------
    .\
       tm4c123gh6pm_startup_ccs.obj   12     620       0      
       main.obj                       388    0         0      
    +--+------------------------------+------+---------+---------+
       Total:                         400    620       0      
                                                              
    C:/ti/TivaWare_C_Series-2.1.4.178/driverlib/ccs/Debug/driverlib.lib
       gpio.obj                       690    552       0      
       interrupt.obj                  156    112       620    
       sysctl.obj                     630    108       0      
       uart.obj                       162    0         0      
    +--+------------------------------+------+---------+---------+
       Total:                         1638   772       620    
                                                              
    C:\ti\ccsv7\tools\compiler\ti-cgt-arm_16.9.3.LTS\lib\rtsv7M4_T_le_v4SPD16_eabi.lib
       memcpy_t2.obj                  156    0         0      
       memset_t2.obj                  122    0         0      
       autoinit.obj                   112    0         0      
       copy_decompress_lzss.obj       104    0         0      
       exit.obj                       84     0         12     
       boot.obj                       84     0         0      
       cpy_tbl.obj                    76     0         0      
       _lock.obj                      20     0         8      
       args_main.obj                  24     0         0      
       copy_decompress_none.obj       14     0         0      
       copy_zero_init.obj             12     0         0      
       pre_init.obj                   4      0         0      
       stkdepth_vars.obj              0      0         4      
       mpu_init.obj                   2      0         0      
       startup.obj                    2      0         0      
    +--+------------------------------+------+---------+---------+
       Total:                         816    0         24     
                                                              
       Stack:                         0      0         512    
       Linker Generated:              0      53        0      
    +--+------------------------------+------+---------+---------+
       Grand Total:                   2854   1445      1156   


LINKER GENERATED COPY TABLES

__TI_cinit_table @ 000010c8 records: 2, size/record: 8, table size: 16
	.data: load addr=000010a0, load size=00000011 bytes, run addr=2000046c, run size=00000018 bytes, compression=lzss
	.vtable: load addr=000010c0, load size=00000008 bytes, run addr=20000000, run size=0000026c bytes, compression=zero_init


LINKER GENERATED HANDLER TABLE

__TI_handler_table @ 000010b4 records: 3, size/record: 4, table size: 12
	index: 0, handler: __TI_zero_init
	index: 1, handler: __TI_decompress_lzss
	index: 2, handler: __TI_decompress_none


GLOBAL SYMBOLS: SORTED ALPHABETICALLY BY Name 

address   name                           
-------   ----                           
00000a2d  C$$EXIT                        
00000c41  GPIODirModeSet                 
00000d83  GPIOIntClear                   
00000d4b  GPIOIntEnable                  
00000c8d  GPIOIntRegister                
00000d21  GPIOIntStatus                  
00000981  GPIOIntTypeSet                 
000003f1  GPIOPadConfigSet               
00000acd  GPIOPinConfigure               
00000cfd  GPIOPinTypeGPIOInput           
00000ca5  GPIOPinTypeGPIOOutput          
00000d0f  GPIOPinTypeUART                
000008b1  IntEnable                      
00000bd9  IntRegister                    
00000327  PORTF_Init                     
00000389  PORTF_Isr                      
00000d63  ResetISR                       
UNDEFED   SHT$$INIT_ARRAY$$Base          
UNDEFED   SHT$$INIT_ARRAY$$Limit         
00000525  SysCtlClockGet                 
00000635  SysCtlClockSet                 
00000d89  SysCtlDelay                    
00000c0d  SysCtlPeripheralEnable         
00000ba1  SysCtlPeripheralReady          
000002c7  UART1_Init                     
00000d6f  UARTCharGet                    
00000d79  UARTCharPut                    
00000d2f  UARTCharsAvail                 
00000d8f  UARTClockSourceSet             
00000b15  UARTConfigSetExpClk            
00000c6d  UARTDisable                    
00000cd5  UARTEnable                     
2000046c  __STACK_END                    
00000200  __STACK_SIZE                   
2000046c  __STACK_TOP                    
000010c8  __TI_CINIT_Base                
000010d8  __TI_CINIT_Limit               
000010b4  __TI_Handler_Table_Base        
000010c0  __TI_Handler_Table_Limit       
00000841  __TI_auto_init                 
2000046c  __TI_cleanup_ptr               
00000919  __TI_decompress_lzss           
00000d3d  __TI_decompress_none           
20000470  __TI_dtors_ptr                 
20000474  __TI_enable_exit_profile_output
ffffffff  __TI_pprof_out_hndl            
ffffffff  __TI_prof_data_size            
ffffffff  __TI_prof_data_start           
00000000  __TI_static_base__             
00000d57  __TI_zero_init                 
000007c5  __aeabi_memclr                 
000007c5  __aeabi_memclr4                
000007c5  __aeabi_memclr8                
00000729  __aeabi_memcpy                 
00000729  __aeabi_memcpy4                
00000729  __aeabi_memcpy8                
000007c7  __aeabi_memset                 
000007c7  __aeabi_memset4                
000007c7  __aeabi_memset8                
ffffffff  __binit__                      
ffffffff  __c_args__                     
00000523  __mpu_init                     
2000026c  __stack                        
00000cbd  _args_main                     
000009d9  _c_int00                       
20000478  _lock                          
00000cf7  _nop                           
00000cef  _register_lock                 
00000ce9  _register_unlock               
0000083f  _system_post_cinit             
00000d95  _system_pre_init               
2000047c  _unlock                        
00000a31  abort                          
ffffffff  binit                          
00000a81  copy_in                        
00000a39  exit                           
20000000  g_pfnRAMVectors                
00000000  g_pfnVectors                   
0000026d  main                           
20000480  main_func_sp                   
00000729  memcpy                         
000007cd  memset                         


GLOBAL SYMBOLS: SORTED BY Symbol Address 

address   name                           
-------   ----                           
00000000  __TI_static_base__             
00000000  g_pfnVectors                   
00000200  __STACK_SIZE                   
0000026d  main                           
000002c7  UART1_Init                     
00000327  PORTF_Init                     
00000389  PORTF_Isr                      
000003f1  GPIOPadConfigSet               
00000523  __mpu_init                     
00000525  SysCtlClockGet                 
00000635  SysCtlClockSet                 
00000729  __aeabi_memcpy                 
00000729  __aeabi_memcpy4                
00000729  __aeabi_memcpy8                
00000729  memcpy                         
000007c5  __aeabi_memclr                 
000007c5  __aeabi_memclr4                
000007c5  __aeabi_memclr8                
000007c7  __aeabi_memset                 
000007c7  __aeabi_memset4                
000007c7  __aeabi_memset8                
000007cd  memset                         
0000083f  _system_post_cinit             
00000841  __TI_auto_init                 
000008b1  IntEnable                      
00000919  __TI_decompress_lzss           
00000981  GPIOIntTypeSet                 
000009d9  _c_int00                       
00000a2d  C$$EXIT                        
00000a31  abort                          
00000a39  exit                           
00000a81  copy_in                        
00000acd  GPIOPinConfigure               
00000b15  UARTConfigSetExpClk            
00000ba1  SysCtlPeripheralReady          
00000bd9  IntRegister                    
00000c0d  SysCtlPeripheralEnable         
00000c41  GPIODirModeSet                 
00000c6d  UARTDisable                    
00000c8d  GPIOIntRegister                
00000ca5  GPIOPinTypeGPIOOutput          
00000cbd  _args_main                     
00000cd5  UARTEnable                     
00000ce9  _register_unlock               
00000cef  _register_lock                 
00000cf7  _nop                           
00000cfd  GPIOPinTypeGPIOInput           
00000d0f  GPIOPinTypeUART                
00000d21  GPIOIntStatus                  
00000d2f  UARTCharsAvail                 
00000d3d  __TI_decompress_none           
00000d4b  GPIOIntEnable                  
00000d57  __TI_zero_init                 
00000d63  ResetISR                       
00000d6f  UARTCharGet                    
00000d79  UARTCharPut                    
00000d83  GPIOIntClear                   
00000d89  SysCtlDelay                    
00000d8f  UARTClockSourceSet             
00000d95  _system_pre_init               
000010b4  __TI_Handler_Table_Base        
000010c0  __TI_Handler_Table_Limit       
000010c8  __TI_CINIT_Base                
000010d8  __TI_CINIT_Limit               
20000000  g_pfnRAMVectors                
2000026c  __stack                        
2000046c  __STACK_END                    
2000046c  __STACK_TOP                    
2000046c  __TI_cleanup_ptr               
20000470  __TI_dtors_ptr                 
20000474  __TI_enable_exit_profile_output
20000478  _lock                          
2000047c  _unlock                        
20000480  main_func_sp                   
ffffffff  __TI_pprof_out_hndl            
ffffffff  __TI_prof_data_size            
ffffffff  __TI_prof_data_start           
ffffffff  __binit__                      
ffffffff  __c_args__                     
ffffffff  binit                          
UNDEFED   SHT$$INIT_ARRAY$$Base          
UNDEFED   SHT$$INIT_ARRAY$$Limit         

[82 symbols]
