******************************************************************************
                  TI ARM Linker PC v16.9.3                     
******************************************************************************
>> Linked Fri Sep 22 16:38:43 2017

OUTPUT FILE NAME:   <UARTwithPC.out>
ENTRY POINT SYMBOL: "_c_int00"  address: 00000909


MEMORY CONFIGURATION

         name            origin    length      used     unused   attr    fill
----------------------  --------  ---------  --------  --------  ----  --------
  FLASH                 00000000   00040000  00000cea  0003f316  R  X
  SRAM                  20000000   00008000  00000218  00007de8  RW X


SEGMENT ALLOCATION MAP

run origin  load origin   length   init length attrs members
----------  ----------- ---------- ----------- ----- -------
00000000    00000000    00000cec   00000cec    r-x
  00000000    00000000    0000026c   0000026c    r-- .intvecs
  0000026c    0000026c    0000095e   0000095e    r-x .text
  00000bcc    00000bcc    000000fc   000000fc    r-- .const
  00000cc8    00000cc8    00000024   00000024    r-- .cinit
20000000    20000000    00000218   00000000    rw-
  20000000    20000000    00000200   00000000    rw- .stack
  20000200    20000200    00000018   00000000    rw- .data


SECTION ALLOCATION MAP

 output                                  attributes/
section   page    origin      length       input sections
--------  ----  ----------  ----------   ----------------
.intvecs   0    00000000    0000026c     
                  00000000    0000026c     tm4c123gh6pm_startup_ccs.obj (.intvecs)

.text      0    0000026c    0000095e     
                  0000026c    000001f0     main.obj (.text)
                  0000045c    00000132     driverlib.lib : gpio.obj (.text:GPIOPadConfigSet)
                  0000058e    00000002     rtsv7M4_T_le_v4SPD16_eabi.lib : mpu_init.obj (.text)
                  00000590    00000110     driverlib.lib : sysctl.obj (.text:SysCtlClockGet)
                  000006a0    000000f4                   : sysctl.obj (.text:SysCtlClockSet)
                  00000794    0000009c     rtsv7M4_T_le_v4SPD16_eabi.lib : memcpy_t2.obj (.text)
                  00000830    00000070                                   : autoinit.obj (.text)
                  000008a0    00000068                                   : copy_decompress_lzss.obj (.text:decompress:lzss)
                  00000908    00000054                                   : boot.obj (.text)
                  0000095c    00000054                                   : exit.obj (.text)
                  000009b0    0000004c                                   : cpy_tbl.obj (.text)
                  000009fc    00000048     driverlib.lib : gpio.obj (.text:GPIOPinConfigure)
                  00000a44    00000046                   : uart.obj (.text:UARTConfigSetExpClk)
                  00000a8a    00000002     rtsv7M4_T_le_v4SPD16_eabi.lib : startup.obj (.text)
                  00000a8c    00000038     driverlib.lib : sysctl.obj (.text:SysCtlPeripheralReady)
                  00000ac4    00000034                   : sysctl.obj (.text:SysCtlPeripheralEnable)
                  00000af8    0000002a                   : gpio.obj (.text:GPIODirModeSet)
                  00000b22    00000002     --HOLE-- [fill = 0]
                  00000b24    00000020                   : uart.obj (.text:UARTDisable)
                  00000b44    00000018     rtsv7M4_T_le_v4SPD16_eabi.lib : args_main.obj (.text)
                  00000b5c    00000014     driverlib.lib : uart.obj (.text:UARTEnable)
                  00000b70    00000014     rtsv7M4_T_le_v4SPD16_eabi.lib : _lock.obj (.text)
                  00000b84    00000012     driverlib.lib : gpio.obj (.text:GPIOPinTypeUART)
                  00000b96    0000000e     rtsv7M4_T_le_v4SPD16_eabi.lib : copy_decompress_none.obj (.text:decompress:none)
                  00000ba4    0000000c     tm4c123gh6pm_startup_ccs.obj (.text)
                  00000bb0    0000000a     driverlib.lib : uart.obj (.text:UARTCharGet)
                  00000bba    00000006                   : sysctl.obj (.text:SysCtlDelay)
                  00000bc0    00000006                   : uart.obj (.text:UARTClockSourceSet)
                  00000bc6    00000004     rtsv7M4_T_le_v4SPD16_eabi.lib : pre_init.obj (.text)

.const     0    00000bcc    000000fc     
                  00000bcc    00000090     driverlib.lib : gpio.obj (.const:g_pui32GPIOBaseAddrs)
                  00000c5c    0000006c                   : sysctl.obj (.const:g_pui32Xtals)

.cinit     0    00000cc8    00000024     
                  00000cc8    00000011     (.cinit..data.load) [load image, compression = lzss]
                  00000cd9    00000003     --HOLE-- [fill = 0]
                  00000cdc    00000008     (__TI_handler_table)
                  00000ce4    00000008     (__TI_cinit_table)

.init_array 
*          0    00000000    00000000     UNINITIALIZED

.stack     0    20000000    00000200     UNINITIALIZED
                  20000000    00000200     --HOLE--

.data      0    20000200    00000018     UNINITIALIZED
                  20000200    0000000c     rtsv7M4_T_le_v4SPD16_eabi.lib : exit.obj (.data:$O1$$)
                  2000020c    00000008                                   : _lock.obj (.data:$O1$$)
                  20000214    00000004                                   : stkdepth_vars.obj (.data)

MODULE SUMMARY

       Module                         code   ro data   rw data
       ------                         ----   -------   -------
    .\
       tm4c123gh6pm_startup_ccs.obj   12     620       0      
       main.obj                       496    0         0      
    +--+------------------------------+------+---------+---------+
       Total:                         508    620       0      
                                                              
    C:/ti/TivaWare_C_Series-2.1.4.178/driverlib/ccs/Debug/driverlib.lib
       sysctl.obj                     630    108       0      
       gpio.obj                       438    144       0      
       uart.obj                       138    0         0      
    +--+------------------------------+------+---------+---------+
       Total:                         1206   252       0      
                                                              
    C:\ti\ccsv7\tools\compiler\ti-cgt-arm_16.9.3.LTS\lib\rtsv7M4_T_le_v4SPD16_eabi.lib
       memcpy_t2.obj                  156    0         0      
       autoinit.obj                   112    0         0      
       copy_decompress_lzss.obj       104    0         0      
       exit.obj                       84     0         12     
       boot.obj                       84     0         0      
       cpy_tbl.obj                    76     0         0      
       _lock.obj                      20     0         8      
       args_main.obj                  24     0         0      
       copy_decompress_none.obj       14     0         0      
       pre_init.obj                   4      0         0      
       stkdepth_vars.obj              0      0         4      
       mpu_init.obj                   2      0         0      
       startup.obj                    2      0         0      
    +--+------------------------------+------+---------+---------+
       Total:                         682    0         24     
                                                              
       Stack:                         0      0         512    
       Linker Generated:              0      33        0      
    +--+------------------------------+------+---------+---------+
       Grand Total:                   2396   905       536    


LINKER GENERATED COPY TABLES

__TI_cinit_table @ 00000ce4 records: 1, size/record: 8, table size: 8
	.data: load addr=00000cc8, load size=00000011 bytes, run addr=20000200, run size=00000018 bytes, compression=lzss


LINKER GENERATED HANDLER TABLE

__TI_handler_table @ 00000cdc records: 2, size/record: 4, table size: 8
	index: 0, handler: __TI_decompress_lzss
	index: 1, handler: __TI_decompress_none


GLOBAL SYMBOLS: SORTED ALPHABETICALLY BY Name 

address   name                           
-------   ----                           
0000095d  C$$EXIT                        
00000af9  GPIODirModeSet                 
0000045d  GPIOPadConfigSet               
000009fd  GPIOPinConfigure               
00000b85  GPIOPinTypeUART                
000002b5  PORTFINT_Init                  
0000026d  PORTF_Init                     
00000ba5  ResetISR                       
UNDEFED   SHT$$INIT_ARRAY$$Base          
UNDEFED   SHT$$INIT_ARRAY$$Limit         
00000591  SysCtlClockGet                 
000006a1  SysCtlClockSet                 
00000bbb  SysCtlDelay                    
00000ac5  SysCtlPeripheralEnable         
00000a8d  SysCtlPeripheralReady          
000003ad  UART0_Init                     
00000bb1  UARTCharGet                    
00000bc1  UARTClockSourceSet             
00000a45  UARTConfigSetExpClk            
00000b25  UARTDisable                    
00000b5d  UARTEnable                     
20000200  __STACK_END                    
00000200  __STACK_SIZE                   
20000200  __STACK_TOP                    
00000ce4  __TI_CINIT_Base                
00000cec  __TI_CINIT_Limit               
00000cdc  __TI_Handler_Table_Base        
00000ce4  __TI_Handler_Table_Limit       
00000831  __TI_auto_init                 
20000200  __TI_cleanup_ptr               
000008a1  __TI_decompress_lzss           
00000b97  __TI_decompress_none           
20000204  __TI_dtors_ptr                 
20000208  __TI_enable_exit_profile_output
ffffffff  __TI_pprof_out_hndl            
ffffffff  __TI_prof_data_size            
ffffffff  __TI_prof_data_start           
00000000  __TI_static_base__             
00000795  __aeabi_memcpy                 
00000795  __aeabi_memcpy4                
00000795  __aeabi_memcpy8                
ffffffff  __binit__                      
ffffffff  __c_args__                     
0000058f  __mpu_init                     
20000000  __stack                        
00000b45  _args_main                     
00000909  _c_int00                       
2000020c  _lock                          
00000b7f  _nop                           
00000b77  _register_lock                 
00000b71  _register_unlock               
00000a8b  _system_post_cinit             
00000bc7  _system_pre_init               
20000210  _unlock                        
00000961  abort                          
ffffffff  binit                          
000009b1  copy_in                        
00000969  exit                           
00000000  g_pfnVectors                   
00000339  main                           
20000214  main_func_sp                   
00000795  memcpy                         


GLOBAL SYMBOLS: SORTED BY Symbol Address 

address   name                           
-------   ----                           
00000000  __TI_static_base__             
00000000  g_pfnVectors                   
00000200  __STACK_SIZE                   
0000026d  PORTF_Init                     
000002b5  PORTFINT_Init                  
00000339  main                           
000003ad  UART0_Init                     
0000045d  GPIOPadConfigSet               
0000058f  __mpu_init                     
00000591  SysCtlClockGet                 
000006a1  SysCtlClockSet                 
00000795  __aeabi_memcpy                 
00000795  __aeabi_memcpy4                
00000795  __aeabi_memcpy8                
00000795  memcpy                         
00000831  __TI_auto_init                 
000008a1  __TI_decompress_lzss           
00000909  _c_int00                       
0000095d  C$$EXIT                        
00000961  abort                          
00000969  exit                           
000009b1  copy_in                        
000009fd  GPIOPinConfigure               
00000a45  UARTConfigSetExpClk            
00000a8b  _system_post_cinit             
00000a8d  SysCtlPeripheralReady          
00000ac5  SysCtlPeripheralEnable         
00000af9  GPIODirModeSet                 
00000b25  UARTDisable                    
00000b45  _args_main                     
00000b5d  UARTEnable                     
00000b71  _register_unlock               
00000b77  _register_lock                 
00000b7f  _nop                           
00000b85  GPIOPinTypeUART                
00000b97  __TI_decompress_none           
00000ba5  ResetISR                       
00000bb1  UARTCharGet                    
00000bbb  SysCtlDelay                    
00000bc1  UARTClockSourceSet             
00000bc7  _system_pre_init               
00000cdc  __TI_Handler_Table_Base        
00000ce4  __TI_CINIT_Base                
00000ce4  __TI_Handler_Table_Limit       
00000cec  __TI_CINIT_Limit               
20000000  __stack                        
20000200  __STACK_END                    
20000200  __STACK_TOP                    
20000200  __TI_cleanup_ptr               
20000204  __TI_dtors_ptr                 
20000208  __TI_enable_exit_profile_output
2000020c  _lock                          
20000210  _unlock                        
20000214  main_func_sp                   
ffffffff  __TI_pprof_out_hndl            
ffffffff  __TI_prof_data_size            
ffffffff  __TI_prof_data_start           
ffffffff  __binit__                      
ffffffff  __c_args__                     
ffffffff  binit                          
UNDEFED   SHT$$INIT_ARRAY$$Base          
UNDEFED   SHT$$INIT_ARRAY$$Limit         

[62 symbols]
