******************************************************************************
                  TI ARM Linker PC v16.9.3                     
******************************************************************************
>> Linked Sun Sep 10 16:03:30 2017

OUTPUT FILE NAME:   <newFastProject.out>
ENTRY POINT SYMBOL: "_c_int00"  address: 00000b71


MEMORY CONFIGURATION

         name            origin    length      used     unused   attr    fill
----------------------  --------  ---------  --------  --------  ----  --------
  FLASH                 00000000   00040000  00000fac  0003f054  R  X
  SRAM                  20000000   00008000  00000220  00007de0  RW X


SEGMENT ALLOCATION MAP

run origin  load origin   length   init length attrs members
----------  ----------- ---------- ----------- ----- -------
00000000    00000000    00000fac   00000fac    r-x
  00000000    00000000    0000026c   0000026c    r-- .intvecs
  0000026c    0000026c    00000c5c   00000c5c    r-x .text
  00000ec8    00000ec8    000000c0   000000c0    r-- .const
  00000f88    00000f88    00000024   00000024    r-- .cinit
20000000    20000000    00000220   00000000    rw-
  20000000    20000000    00000200   00000000    rw- .stack
  20000200    20000200    00000020   00000000    rw- .data


SECTION ALLOCATION MAP

 output                                  attributes/
section   page    origin      length       input sections
--------  ----  ----------  ----------   ----------------
.intvecs   0    00000000    0000026c     
                  00000000    0000026c     tm4c123gh6pm_startup_ccs.obj (.intvecs)

.text      0    0000026c    00000c5c     
                  0000026c    0000049c     uartstdio.obj (.text)
                  00000708    00000132     driverlib.lib : gpio.obj (.text:GPIOPadConfigSet)
                  0000083a    00000002     rtsv7M4_T_le_v4SPD16_eabi.lib : i_div0.obj (.text)
                  0000083c    000000f4     driverlib.lib : sysctl.obj (.text:SysCtlClockSet)
                  00000930    000000cc     main.obj (.text)
                  000009fc    0000009c     rtsv7M4_T_le_v4SPD16_eabi.lib : memcpy_t2.obj (.text)
                  00000a98    00000070                                   : autoinit.obj (.text)
                  00000b08    00000068                                   : copy_decompress_lzss.obj (.text:decompress:lzss)
                  00000b70    00000054                                   : boot.obj (.text)
                  00000bc4    00000054                                   : exit.obj (.text)
                  00000c18    0000004c     InitConsole.obj (.text)
                  00000c64    0000004c     rtsv7M4_T_le_v4SPD16_eabi.lib : cpy_tbl.obj (.text)
                  00000cb0    00000048     driverlib.lib : gpio.obj (.text:GPIOPinConfigure)
                  00000cf8    00000046                   : uart.obj (.text:UARTConfigSetExpClk)
                  00000d3e    00000040     rtsv7M4_T_le_v4SPD16_eabi.lib : u_divt2.obj (.text)
                  00000d7e    00000002                                   : mpu_init.obj (.text)
                  00000d80    00000038     driverlib.lib : sysctl.obj (.text:SysCtlPeripheralPresent)
                  00000db8    00000034                   : sysctl.obj (.text:SysCtlPeripheralEnable)
                  00000dec    0000002a                   : gpio.obj (.text:GPIODirModeSet)
                  00000e16    00000002     rtsv7M4_T_le_v4SPD16_eabi.lib : startup.obj (.text)
                  00000e18    00000020     driverlib.lib : uart.obj (.text:UARTDisable)
                  00000e38    00000018     rtsv7M4_T_le_v4SPD16_eabi.lib : args_main.obj (.text)
                  00000e50    00000014     driverlib.lib : uart.obj (.text:UARTEnable)
                  00000e64    00000014     rtsv7M4_T_le_v4SPD16_eabi.lib : _lock.obj (.text)
                  00000e78    00000012     driverlib.lib : gpio.obj (.text:GPIOPinTypeUART)
                  00000e8a    0000000e     rtsv7M4_T_le_v4SPD16_eabi.lib : copy_decompress_none.obj (.text:decompress:none)
                  00000e98    0000000c     tm4c123gh6pm_startup_ccs.obj (.text)
                  00000ea4    0000000a     driverlib.lib : uart.obj (.text:UARTCharGet)
                  00000eae    0000000a                   : uart.obj (.text:UARTCharPut)
                  00000eb8    00000006                   : sysctl.obj (.text:SysCtlDelay)
                  00000ebe    00000006                   : uart.obj (.text:UARTClockSourceSet)
                  00000ec4    00000004     rtsv7M4_T_le_v4SPD16_eabi.lib : pre_init.obj (.text)

.const     0    00000ec8    000000c0     
                  00000ec8    00000090     driverlib.lib : gpio.obj (.const:g_pui32GPIOBaseAddrs)
                  00000f58    00000012     uartstdio.obj (.const:.string)
                  00000f6a    00000002     --HOLE-- [fill = 0]
                  00000f6c    0000000c     uartstdio.obj (.const:g_ui32UARTBase)
                  00000f78    0000000c     uartstdio.obj (.const:g_ui32UARTPeriph)
                  00000f84    00000004     uartstdio.obj (.const)

.cinit     0    00000f88    00000024     
                  00000f88    00000011     (.cinit..data.load) [load image, compression = lzss]
                  00000f99    00000003     --HOLE-- [fill = 0]
                  00000f9c    00000008     (__TI_handler_table)
                  00000fa4    00000008     (__TI_cinit_table)

.init_array 
*          0    00000000    00000000     UNINITIALIZED

.stack     0    20000000    00000200     UNINITIALIZED
                  20000000    00000200     --HOLE--

.data      0    20000200    00000020     UNINITIALIZED
                  20000200    0000000c     rtsv7M4_T_le_v4SPD16_eabi.lib : exit.obj (.data:$O1$$)
                  2000020c    00000008                                   : _lock.obj (.data:$O1$$)
                  20000214    00000005     uartstdio.obj (.data)
                  20000219    00000003     --HOLE--
                  2000021c    00000004     rtsv7M4_T_le_v4SPD16_eabi.lib : stkdepth_vars.obj (.data)

MODULE SUMMARY

       Module                         code   ro data   rw data
       ------                         ----   -------   -------
    .\
       uartstdio.obj                  1180   46        5      
       tm4c123gh6pm_startup_ccs.obj   12     620       0      
       main.obj                       204    0         0      
       InitConsole.obj                76     0         0      
    +--+------------------------------+------+---------+---------+
       Total:                         1472   666       5      
                                                              
    C:/ti/TivaWare_C_Series-2.1.4.178/driverlib/ccs/Debug/driverlib.lib
       gpio.obj                       438    144       0      
       sysctl.obj                     358    0         0      
       uart.obj                       148    0         0      
    +--+------------------------------+------+---------+---------+
       Total:                         944    144       0      
                                                              
    C:\ti\ccsv7\tools\compiler\ti-cgt-arm_16.9.3.LTS\lib\rtsv7M4_T_le_v4SPD16_eabi.lib
       memcpy_t2.obj                  156    0         0      
       autoinit.obj                   112    0         0      
       copy_decompress_lzss.obj       104    0         0      
       exit.obj                       84     0         12     
       boot.obj                       84     0         0      
       cpy_tbl.obj                    76     0         0      
       u_divt2.obj                    64     0         0      
       _lock.obj                      20     0         8      
       args_main.obj                  24     0         0      
       copy_decompress_none.obj       14     0         0      
       pre_init.obj                   4      0         0      
       stkdepth_vars.obj              0      0         4      
       i_div0.obj                     2      0         0      
       mpu_init.obj                   2      0         0      
       startup.obj                    2      0         0      
    +--+------------------------------+------+---------+---------+
       Total:                         748    0         24     
                                                              
       Stack:                         0      0         512    
       Linker Generated:              0      33        0      
    +--+------------------------------+------+---------+---------+
       Grand Total:                   3164   843       541    


LINKER GENERATED COPY TABLES

__TI_cinit_table @ 00000fa4 records: 1, size/record: 8, table size: 8
	.data: load addr=00000f88, load size=00000011 bytes, run addr=20000200, run size=00000020 bytes, compression=lzss


LINKER GENERATED HANDLER TABLE

__TI_handler_table @ 00000f9c records: 2, size/record: 4, table size: 8
	index: 0, handler: __TI_decompress_lzss
	index: 1, handler: __TI_decompress_none


GLOBAL SYMBOLS: SORTED ALPHABETICALLY BY Name 

address   name                           
-------   ----                           
00000bc5  C$$EXIT                        
00000ded  GPIODirModeSet                 
00000709  GPIOPadConfigSet               
00000cb1  GPIOPinConfigure               
00000e79  GPIOPinTypeUART                
00000c19  InitConsole                    
00000e99  ResetISR                       
UNDEFED   SHT$$INIT_ARRAY$$Base          
UNDEFED   SHT$$INIT_ARRAY$$Limit         
0000083d  SysCtlClockSet                 
00000eb9  SysCtlDelay                    
00000db9  SysCtlPeripheralEnable         
00000d81  SysCtlPeripheralPresent        
00000983  SysTick80_Delay_10ms           
0000095d  SysTick_Delay_10ms             
00000931  SysTick_Init                   
00000ea5  UARTCharGet                    
00000eaf  UARTCharPut                    
00000ebf  UARTClockSourceSet             
00000cf9  UARTConfigSetExpClk            
00000e19  UARTDisable                    
00000e51  UARTEnable                     
0000026d  UARTStdioConfig                
000003b3  UARTgetc                       
000002f9  UARTgets                       
000006d3  UARTprintf                     
000003d9  UARTvprintf                    
000002b3  UARTwrite                      
20000200  __STACK_END                    
00000200  __STACK_SIZE                   
20000200  __STACK_TOP                    
00000fa4  __TI_CINIT_Base                
00000fac  __TI_CINIT_Limit               
00000f9c  __TI_Handler_Table_Base        
00000fa4  __TI_Handler_Table_Limit       
00000a99  __TI_auto_init                 
20000200  __TI_cleanup_ptr               
00000b09  __TI_decompress_lzss           
00000e8b  __TI_decompress_none           
20000204  __TI_dtors_ptr                 
20000208  __TI_enable_exit_profile_output
ffffffff  __TI_pprof_out_hndl            
ffffffff  __TI_prof_data_size            
ffffffff  __TI_prof_data_start           
00000000  __TI_static_base__             
0000083b  __aeabi_idiv0                  
000009fd  __aeabi_memcpy                 
000009fd  __aeabi_memcpy4                
000009fd  __aeabi_memcpy8                
00000d3f  __aeabi_uidiv                  
00000d3f  __aeabi_uidivmod               
ffffffff  __binit__                      
ffffffff  __c_args__                     
00000d7f  __mpu_init                     
20000000  __stack                        
00000e39  _args_main                     
00000b71  _c_int00                       
2000020c  _lock                          
00000e73  _nop                           
00000e6b  _register_lock                 
00000e65  _register_unlock               
00000e17  _system_post_cinit             
00000ec5  _system_pre_init               
20000210  _unlock                        
00000bc9  abort                          
ffffffff  binit                          
00000c65  copy_in                        
00000bd1  exit                           
00000000  g_pfnVectors                   
000009a9  main                           
2000021c  main_func_sp                   
000009fd  memcpy                         


GLOBAL SYMBOLS: SORTED BY Symbol Address 

address   name                           
-------   ----                           
00000000  __TI_static_base__             
00000000  g_pfnVectors                   
00000200  __STACK_SIZE                   
0000026d  UARTStdioConfig                
000002b3  UARTwrite                      
000002f9  UARTgets                       
000003b3  UARTgetc                       
000003d9  UARTvprintf                    
000006d3  UARTprintf                     
00000709  GPIOPadConfigSet               
0000083b  __aeabi_idiv0                  
0000083d  SysCtlClockSet                 
00000931  SysTick_Init                   
0000095d  SysTick_Delay_10ms             
00000983  SysTick80_Delay_10ms           
000009a9  main                           
000009fd  __aeabi_memcpy                 
000009fd  __aeabi_memcpy4                
000009fd  __aeabi_memcpy8                
000009fd  memcpy                         
00000a99  __TI_auto_init                 
00000b09  __TI_decompress_lzss           
00000b71  _c_int00                       
00000bc5  C$$EXIT                        
00000bc9  abort                          
00000bd1  exit                           
00000c19  InitConsole                    
00000c65  copy_in                        
00000cb1  GPIOPinConfigure               
00000cf9  UARTConfigSetExpClk            
00000d3f  __aeabi_uidiv                  
00000d3f  __aeabi_uidivmod               
00000d7f  __mpu_init                     
00000d81  SysCtlPeripheralPresent        
00000db9  SysCtlPeripheralEnable         
00000ded  GPIODirModeSet                 
00000e17  _system_post_cinit             
00000e19  UARTDisable                    
00000e39  _args_main                     
00000e51  UARTEnable                     
00000e65  _register_unlock               
00000e6b  _register_lock                 
00000e73  _nop                           
00000e79  GPIOPinTypeUART                
00000e8b  __TI_decompress_none           
00000e99  ResetISR                       
00000ea5  UARTCharGet                    
00000eaf  UARTCharPut                    
00000eb9  SysCtlDelay                    
00000ebf  UARTClockSourceSet             
00000ec5  _system_pre_init               
00000f9c  __TI_Handler_Table_Base        
00000fa4  __TI_CINIT_Base                
00000fa4  __TI_Handler_Table_Limit       
00000fac  __TI_CINIT_Limit               
20000000  __stack                        
20000200  __STACK_END                    
20000200  __STACK_TOP                    
20000200  __TI_cleanup_ptr               
20000204  __TI_dtors_ptr                 
20000208  __TI_enable_exit_profile_output
2000020c  _lock                          
20000210  _unlock                        
2000021c  main_func_sp                   
ffffffff  __TI_pprof_out_hndl            
ffffffff  __TI_prof_data_size            
ffffffff  __TI_prof_data_start           
ffffffff  __binit__                      
ffffffff  __c_args__                     
ffffffff  binit                          
UNDEFED   SHT$$INIT_ARRAY$$Base          
UNDEFED   SHT$$INIT_ARRAY$$Limit         

[72 symbols]
