******************************************************************************
                  TI ARM Linker PC v16.9.3                     
******************************************************************************
>> Linked Tue Sep 05 18:57:34 2017

OUTPUT FILE NAME:   <newFastProject.out>
ENTRY POINT SYMBOL: "_c_int00"  address: 000005b1


MEMORY CONFIGURATION

         name            origin    length      used     unused   attr    fill
----------------------  --------  ---------  --------  --------  ----  --------
  FLASH                 00000000   00040000  000007c2  0003f83e  R  X
  SRAM                  20000000   00008000  00000488  00007b78  RW X


SEGMENT ALLOCATION MAP

run origin  load origin   length   init length attrs members
----------  ----------- ---------- ----------- ----- -------
00000000    00000000    000007c8   000007c8    r-x
  00000000    00000000    0000026c   0000026c    r-- .intvecs
  0000026c    0000026c    0000051e   0000051e    r-x .text
  00000790    00000790    00000038   00000038    r-- .cinit
20000000    20000000    00000488   00000000    rw-
  20000000    20000000    0000026c   00000000    rw- .vtable
  2000026c    2000026c    00000200   00000000    rw- .stack
  2000046c    2000046c    0000001c   00000000    rw- .data


SECTION ALLOCATION MAP

 output                                  attributes/
section   page    origin      length       input sections
--------  ----  ----------  ----------   ----------------
.intvecs   0    00000000    0000026c     
                  00000000    0000026c     tm4c123gh6pm_startup_ccs.obj (.intvecs)

.text      0    0000026c    0000051e     
                  0000026c    000000f4     driverlib.lib : sysctl.obj (.text:SysCtlClockSet)
                  00000360    0000009c     rtsv7M4_T_le_v4SPD16_eabi.lib : memcpy_t2.obj (.text)
                  000003fc    0000007a                                   : memset_t2.obj (.text)
                  00000476    00000002                                   : mpu_init.obj (.text)
                  00000478    00000070                                   : autoinit.obj (.text)
                  000004e8    00000068                                   : copy_decompress_lzss.obj (.text:decompress:lzss)
                  00000550    00000060     main.obj (.text)
                  000005b0    00000054     rtsv7M4_T_le_v4SPD16_eabi.lib : boot.obj (.text)
                  00000604    00000054                                   : exit.obj (.text)
                  00000658    0000004c                                   : cpy_tbl.obj (.text)
                  000006a4    00000034     driverlib.lib : interrupt.obj (.text:IntRegister)
                  000006d8    0000001c                   : systick.obj (.text:SysTickIntRegister)
                  000006f4    00000018     rtsv7M4_T_le_v4SPD16_eabi.lib : args_main.obj (.text)
                  0000070c    00000014     driverlib.lib : systick.obj (.text:SysTickEnable)
                  00000720    00000014                   : systick.obj (.text:SysTickIntEnable)
                  00000734    00000014     rtsv7M4_T_le_v4SPD16_eabi.lib : _lock.obj (.text)
                  00000748    00000010     driverlib.lib : systick.obj (.text:SysTickPeriodSet)
                  00000758    0000000e     rtsv7M4_T_le_v4SPD16_eabi.lib : copy_decompress_none.obj (.text:decompress:none)
                  00000766    0000000c                                   : copy_zero_init.obj (.text:decompress:ZI)
                  00000772    0000000c     tm4c123gh6pm_startup_ccs.obj (.text)
                  0000077e    00000006     driverlib.lib : sysctl.obj (.text:SysCtlDelay)
                  00000784    00000004     rtsv7M4_T_le_v4SPD16_eabi.lib : pre_init.obj (.text)
                  00000788    00000002                                   : startup.obj (.text)

.cinit     0    00000790    00000038     
                  00000790    00000011     (.cinit..data.load) [load image, compression = lzss]
                  000007a1    00000003     --HOLE-- [fill = 0]
                  000007a4    0000000c     (__TI_handler_table)
                  000007b0    00000008     (.cinit..vtable.load) [load image, compression = zero_init]
                  000007b8    00000010     (__TI_cinit_table)

.init_array 
*          0    00000000    00000000     UNINITIALIZED

.vtable    0    20000000    0000026c     UNINITIALIZED
                  20000000    0000026c     driverlib.lib : interrupt.obj (.vtable)

.stack     0    2000026c    00000200     UNINITIALIZED
                  2000026c    00000200     --HOLE--

.data      0    2000046c    0000001c     UNINITIALIZED
                  2000046c    0000000c     rtsv7M4_T_le_v4SPD16_eabi.lib : exit.obj (.data:$O1$$)
                  20000478    00000008                                   : _lock.obj (.data:$O1$$)
                  20000480    00000004     main.obj (.data)
                  20000484    00000004     rtsv7M4_T_le_v4SPD16_eabi.lib : stkdepth_vars.obj (.data)

MODULE SUMMARY

       Module                         code   ro data   rw data
       ------                         ----   -------   -------
    .\
       tm4c123gh6pm_startup_ccs.obj   12     620       0      
       main.obj                       96     0         4      
    +--+------------------------------+------+---------+---------+
       Total:                         108    620       4      
                                                              
    C:/ti/TivaWare_C_Series-2.1.4.178/driverlib/ccs/Debug/driverlib.lib
       interrupt.obj                  52     0         620    
       sysctl.obj                     250    0         0      
       systick.obj                    84     0         0      
    +--+------------------------------+------+---------+---------+
       Total:                         386    0         620    
                                                              
    C:\ti\ccsv7\tools\compiler\ti-cgt-arm_16.9.3.LTS\lib\rtsv7M4_T_le_v4SPD16_eabi.lib
       memcpy_t2.obj                  156    0         0      
       memset_t2.obj                  122    0         0      
       autoinit.obj                   112    0         0      
       copy_decompress_lzss.obj       104    0         0      
       exit.obj                       84     0         12     
       boot.obj                       84     0         0      
       cpy_tbl.obj                    76     0         0      
       _lock.obj                      20     0         8      
       args_main.obj                  24     0         0      
       copy_decompress_none.obj       14     0         0      
       copy_zero_init.obj             12     0         0      
       pre_init.obj                   4      0         0      
       stkdepth_vars.obj              0      0         4      
       mpu_init.obj                   2      0         0      
       startup.obj                    2      0         0      
    +--+------------------------------+------+---------+---------+
       Total:                         816    0         24     
                                                              
       Stack:                         0      0         512    
       Linker Generated:              0      53        0      
    +--+------------------------------+------+---------+---------+
       Grand Total:                   1310   673       1160   


LINKER GENERATED COPY TABLES

__TI_cinit_table @ 000007b8 records: 2, size/record: 8, table size: 16
	.data: load addr=00000790, load size=00000011 bytes, run addr=2000046c, run size=0000001c bytes, compression=lzss
	.vtable: load addr=000007b0, load size=00000008 bytes, run addr=20000000, run size=0000026c bytes, compression=zero_init


LINKER GENERATED HANDLER TABLE

__TI_handler_table @ 000007a4 records: 3, size/record: 4, table size: 12
	index: 0, handler: __TI_zero_init
	index: 1, handler: __TI_decompress_lzss
	index: 2, handler: __TI_decompress_none


GLOBAL SYMBOLS: SORTED ALPHABETICALLY BY Name 

address   name                           
-------   ----                           
00000605  C$$EXIT                        
000006a5  IntRegister                    
00000773  ResetISR                       
UNDEFED   SHT$$INIT_ARRAY$$Base          
UNDEFED   SHT$$INIT_ARRAY$$Limit         
00000551  SycTickInt                     
0000026d  SysCtlClockSet                 
0000077f  SysCtlDelay                    
0000070d  SysTickEnable                  
00000721  SysTickIntEnable               
000006d9  SysTickIntRegister             
00000749  SysTickPeriodSet               
0000055b  SysTickbegin                   
00000573  Wait                           
2000046c  __STACK_END                    
00000200  __STACK_SIZE                   
2000046c  __STACK_TOP                    
000007b8  __TI_CINIT_Base                
000007c8  __TI_CINIT_Limit               
000007a4  __TI_Handler_Table_Base        
000007b0  __TI_Handler_Table_Limit       
00000479  __TI_auto_init                 
2000046c  __TI_cleanup_ptr               
000004e9  __TI_decompress_lzss           
00000759  __TI_decompress_none           
20000470  __TI_dtors_ptr                 
20000474  __TI_enable_exit_profile_output
ffffffff  __TI_pprof_out_hndl            
ffffffff  __TI_prof_data_size            
ffffffff  __TI_prof_data_start           
00000000  __TI_static_base__             
00000767  __TI_zero_init                 
000003fd  __aeabi_memclr                 
000003fd  __aeabi_memclr4                
000003fd  __aeabi_memclr8                
00000361  __aeabi_memcpy                 
00000361  __aeabi_memcpy4                
00000361  __aeabi_memcpy8                
000003ff  __aeabi_memset                 
000003ff  __aeabi_memset4                
000003ff  __aeabi_memset8                
ffffffff  __binit__                      
ffffffff  __c_args__                     
00000477  __mpu_init                     
2000026c  __stack                        
000006f5  _args_main                     
000005b1  _c_int00                       
20000478  _lock                          
00000743  _nop                           
0000073b  _register_lock                 
00000735  _register_unlock               
00000789  _system_post_cinit             
00000785  _system_pre_init               
2000047c  _unlock                        
00000609  abort                          
ffffffff  binit                          
00000659  copy_in                        
00000611  exit                           
20000000  g_pfnRAMVectors                
00000000  g_pfnVectors                   
00000591  main                           
20000484  main_func_sp                   
00000361  memcpy                         
00000405  memset                         
20000480  millis                         


GLOBAL SYMBOLS: SORTED BY Symbol Address 

address   name                           
-------   ----                           
00000000  __TI_static_base__             
00000000  g_pfnVectors                   
00000200  __STACK_SIZE                   
0000026d  SysCtlClockSet                 
00000361  __aeabi_memcpy                 
00000361  __aeabi_memcpy4                
00000361  __aeabi_memcpy8                
00000361  memcpy                         
000003fd  __aeabi_memclr                 
000003fd  __aeabi_memclr4                
000003fd  __aeabi_memclr8                
000003ff  __aeabi_memset                 
000003ff  __aeabi_memset4                
000003ff  __aeabi_memset8                
00000405  memset                         
00000477  __mpu_init                     
00000479  __TI_auto_init                 
000004e9  __TI_decompress_lzss           
00000551  SycTickInt                     
0000055b  SysTickbegin                   
00000573  Wait                           
00000591  main                           
000005b1  _c_int00                       
00000605  C$$EXIT                        
00000609  abort                          
00000611  exit                           
00000659  copy_in                        
000006a5  IntRegister                    
000006d9  SysTickIntRegister             
000006f5  _args_main                     
0000070d  SysTickEnable                  
00000721  SysTickIntEnable               
00000735  _register_unlock               
0000073b  _register_lock                 
00000743  _nop                           
00000749  SysTickPeriodSet               
00000759  __TI_decompress_none           
00000767  __TI_zero_init                 
00000773  ResetISR                       
0000077f  SysCtlDelay                    
00000785  _system_pre_init               
00000789  _system_post_cinit             
000007a4  __TI_Handler_Table_Base        
000007b0  __TI_Handler_Table_Limit       
000007b8  __TI_CINIT_Base                
000007c8  __TI_CINIT_Limit               
20000000  g_pfnRAMVectors                
2000026c  __stack                        
2000046c  __STACK_END                    
2000046c  __STACK_TOP                    
2000046c  __TI_cleanup_ptr               
20000470  __TI_dtors_ptr                 
20000474  __TI_enable_exit_profile_output
20000478  _lock                          
2000047c  _unlock                        
20000480  millis                         
20000484  main_func_sp                   
ffffffff  __TI_pprof_out_hndl            
ffffffff  __TI_prof_data_size            
ffffffff  __TI_prof_data_start           
ffffffff  __binit__                      
ffffffff  __c_args__                     
ffffffff  binit                          
UNDEFED   SHT$$INIT_ARRAY$$Base          
UNDEFED   SHT$$INIT_ARRAY$$Limit         

[65 symbols]
