******************************************************************************
                  TI ARM Linker PC v16.9.3                     
******************************************************************************
>> Linked Wed Sep 13 17:20:14 2017

OUTPUT FILE NAME:   <ADC.out>
ENTRY POINT SYMBOL: "_c_int00"  address: 000010e5


MEMORY CONFIGURATION

         name            origin    length      used     unused   attr    fill
----------------------  --------  ---------  --------  --------  ----  --------
  FLASH                 00000000   00040000  00001654  0003e9ac  R  X
  SRAM                  20000000   00008000  00000220  00007de0  RW X


SEGMENT ALLOCATION MAP

run origin  load origin   length   init length attrs members
----------  ----------- ---------- ----------- ----- -------
00000000    00000000    00001654   00001654    r-x
  00000000    00000000    0000026c   0000026c    r-- .intvecs
  0000026c    0000026c    00001304   00001304    r-x .text
  00001570    00001570    000000c0   000000c0    r-- .const
  00001630    00001630    00000024   00000024    r-- .cinit
20000000    20000000    00000220   00000000    rw-
  20000000    20000000    00000200   00000000    rw- .stack
  20000200    20000200    00000020   00000000    rw- .data


SECTION ALLOCATION MAP

 output                                  attributes/
section   page    origin      length       input sections
--------  ----  ----------  ----------   ----------------
.intvecs   0    00000000    0000026c     
                  00000000    0000026c     tm4c123gh6pm_startup_ccs.obj (.intvecs)

.text      0    0000026c    00001304     
                  0000026c    0000049c     uartstdio.obj (.text)
                  00000708    000001b6     rtsv7M4_T_le_v4SPD16_eabi.lib : fd_add_t2.obj (.text)
                  000008be    00000002                                   : i_div0.obj (.text)
                  000008c0    0000017c     main.obj (.text)
                  00000a3c    00000136     rtsv7M4_T_le_v4SPD16_eabi.lib : fd_div_t2.obj (.text)
                  00000b72    00000132     driverlib.lib : gpio.obj (.text:GPIOPadConfigSet)
                  00000ca4    000000fc     rtsv7M4_T_le_v4SPD16_eabi.lib : fd_mul_t2.obj (.text)
                  00000da0    000000f4     driverlib.lib : sysctl.obj (.text:SysCtlClockSet)
                  00000e94    0000009c     rtsv7M4_T_le_v4SPD16_eabi.lib : memcpy_t2.obj (.text)
                  00000f30    0000007a     driverlib.lib : adc.obj (.text:ADCSequenceStepConfigure)
                  00000faa    00000002     rtsv7M4_T_le_v4SPD16_eabi.lib : mpu_init.obj (.text)
                  00000fac    00000070                                   : autoinit.obj (.text)
                  0000101c    00000068                                   : copy_decompress_lzss.obj (.text:decompress:lzss)
                  00001084    00000060     InitConsole.obj (.text)
                  000010e4    00000054     rtsv7M4_T_le_v4SPD16_eabi.lib : boot.obj (.text)
                  00001138    00000054                                   : exit.obj (.text)
                  0000118c    00000050     driverlib.lib : adc.obj (.text:ADCSequenceConfigure)
                  000011dc    0000004c     rtsv7M4_T_le_v4SPD16_eabi.lib : cpy_tbl.obj (.text)
                  00001228    00000048     driverlib.lib : gpio.obj (.text:GPIOPinConfigure)
                  00001270    00000046                   : uart.obj (.text:UARTConfigSetExpClk)
                  000012b6    00000044     rtsv7M4_T_le_v4SPD16_eabi.lib : fd_tou_t2.obj (.text)
                  000012fa    00000040                                   : u_divt2.obj (.text)
                  0000133a    00000002                                   : startup.obj (.text)
                  0000133c    00000038     driverlib.lib : sysctl.obj (.text:SysCtlPeripheralPresent)
                  00001374    00000038                   : sysctl.obj (.text:SysCtlPeripheralReady)
                  000013ac    00000038     rtsv7M4_T_le_v4SPD16_eabi.lib : fs_tod_t2.obj (.text)
                  000013e4    00000034     driverlib.lib : sysctl.obj (.text:SysCtlPeripheralEnable)
                  00001418    0000002e                   : adc.obj (.text:ADCIntStatus)
                  00001446    0000002a                   : gpio.obj (.text:GPIODirModeSet)
                  00001470    00000020                   : uart.obj (.text:UARTDisable)
                  00001490    0000001e                   : adc.obj (.text:ADCSequenceDataGet)
                  000014ae    00000018                   : adc.obj (.text:ADCProcessorTrigger)
                  000014c6    00000002     --HOLE-- [fill = 0]
                  000014c8    00000018     rtsv7M4_T_le_v4SPD16_eabi.lib : args_main.obj (.text)
                  000014e0    00000014     driverlib.lib : uart.obj (.text:UARTEnable)
                  000014f4    00000014     rtsv7M4_T_le_v4SPD16_eabi.lib : _lock.obj (.text)
                  00001508    00000012     driverlib.lib : gpio.obj (.text:GPIOPinTypeUART)
                  0000151a    0000000e                   : adc.obj (.text:ADCSequenceEnable)
                  00001528    0000000e     rtsv7M4_T_le_v4SPD16_eabi.lib : copy_decompress_none.obj (.text:decompress:none)
                  00001536    0000000c     tm4c123gh6pm_startup_ccs.obj (.text)
                  00001542    0000000a     driverlib.lib : adc.obj (.text:ADCIntClear)
                  0000154c    0000000a                   : uart.obj (.text:UARTCharGet)
                  00001556    0000000a                   : uart.obj (.text:UARTCharPut)
                  00001560    00000006                   : sysctl.obj (.text:SysCtlDelay)
                  00001566    00000006                   : uart.obj (.text:UARTClockSourceSet)
                  0000156c    00000004     rtsv7M4_T_le_v4SPD16_eabi.lib : pre_init.obj (.text)

.const     0    00001570    000000c0     
                  00001570    00000090     driverlib.lib : gpio.obj (.const:g_pui32GPIOBaseAddrs)
                  00001600    00000012     uartstdio.obj (.const:.string)
                  00001612    00000002     --HOLE-- [fill = 0]
                  00001614    0000000c     uartstdio.obj (.const:g_ui32UARTBase)
                  00001620    0000000c     uartstdio.obj (.const:g_ui32UARTPeriph)
                  0000162c    00000004     uartstdio.obj (.const)

.cinit     0    00001630    00000024     
                  00001630    00000011     (.cinit..data.load) [load image, compression = lzss]
                  00001641    00000003     --HOLE-- [fill = 0]
                  00001644    00000008     (__TI_handler_table)
                  0000164c    00000008     (__TI_cinit_table)

.init_array 
*          0    00000000    00000000     UNINITIALIZED

.stack     0    20000000    00000200     UNINITIALIZED
                  20000000    00000200     --HOLE--

.data      0    20000200    00000020     UNINITIALIZED
                  20000200    0000000c     rtsv7M4_T_le_v4SPD16_eabi.lib : exit.obj (.data:$O1$$)
                  2000020c    00000008                                   : _lock.obj (.data:$O1$$)
                  20000214    00000005     uartstdio.obj (.data)
                  20000219    00000003     --HOLE--
                  2000021c    00000004     rtsv7M4_T_le_v4SPD16_eabi.lib : stkdepth_vars.obj (.data)

MODULE SUMMARY

       Module                         code   ro data   rw data
       ------                         ----   -------   -------
    .\
       uartstdio.obj                  1180   46        5      
       tm4c123gh6pm_startup_ccs.obj   12     620       0      
       main.obj                       380    0         0      
       InitConsole.obj                96     0         0      
    +--+------------------------------+------+---------+---------+
       Total:                         1668   666       5      
                                                              
    C:/ti/TivaWare_C_Series-2.1.4.178/driverlib/ccs/Debug/driverlib.lib
       gpio.obj                       438    144       0      
       sysctl.obj                     414    0         0      
       adc.obj                        326    0         0      
       uart.obj                       148    0         0      
    +--+------------------------------+------+---------+---------+
       Total:                         1326   144       0      
                                                              
    C:\ti\ccsv7\tools\compiler\ti-cgt-arm_16.9.3.LTS\lib\rtsv7M4_T_le_v4SPD16_eabi.lib
       fd_add_t2.obj                  438    0         0      
       fd_div_t2.obj                  310    0         0      
       fd_mul_t2.obj                  252    0         0      
       memcpy_t2.obj                  156    0         0      
       autoinit.obj                   112    0         0      
       copy_decompress_lzss.obj       104    0         0      
       exit.obj                       84     0         12     
       boot.obj                       84     0         0      
       cpy_tbl.obj                    76     0         0      
       fd_tou_t2.obj                  68     0         0      
       u_divt2.obj                    64     0         0      
       fs_tod_t2.obj                  56     0         0      
       _lock.obj                      20     0         8      
       args_main.obj                  24     0         0      
       copy_decompress_none.obj       14     0         0      
       pre_init.obj                   4      0         0      
       stkdepth_vars.obj              0      0         4      
       i_div0.obj                     2      0         0      
       mpu_init.obj                   2      0         0      
       startup.obj                    2      0         0      
    +--+------------------------------+------+---------+---------+
       Total:                         1872   0         24     
                                                              
       Stack:                         0      0         512    
       Linker Generated:              0      33        0      
    +--+------------------------------+------+---------+---------+
       Grand Total:                   4866   843       541    


LINKER GENERATED COPY TABLES

__TI_cinit_table @ 0000164c records: 1, size/record: 8, table size: 8
	.data: load addr=00001630, load size=00000011 bytes, run addr=20000200, run size=00000020 bytes, compression=lzss


LINKER GENERATED HANDLER TABLE

__TI_handler_table @ 00001644 records: 2, size/record: 4, table size: 8
	index: 0, handler: __TI_decompress_lzss
	index: 1, handler: __TI_decompress_none


GLOBAL SYMBOLS: SORTED ALPHABETICALLY BY Name 

address   name                           
-------   ----                           
00001543  ADCIntClear                    
00001419  ADCIntStatus                   
000014af  ADCProcessorTrigger            
0000118d  ADCSequenceConfigure           
00001491  ADCSequenceDataGet             
0000151b  ADCSequenceEnable              
00000f31  ADCSequenceStepConfigure       
000009b1  ADC_Init                       
00001139  C$$EXIT                        
00001447  GPIODirModeSet                 
00000b73  GPIOPadConfigSet               
00001229  GPIOPinConfigure               
00001509  GPIOPinTypeUART                
00001085  InitConsole                    
00001537  ResetISR                       
UNDEFED   SHT$$INIT_ARRAY$$Base          
UNDEFED   SHT$$INIT_ARRAY$$Limit         
00000da1  SysCtlClockSet                 
00001561  SysCtlDelay                    
000013e5  SysCtlPeripheralEnable         
0000133d  SysCtlPeripheralPresent        
00001375  SysCtlPeripheralReady          
00000913  SysTick80_Delay_10ms           
000008ed  SysTick_Delay_10ms             
000008c1  SysTick_Init                   
0000154d  UARTCharGet                    
00001557  UARTCharPut                    
00001567  UARTClockSourceSet             
00001271  UARTConfigSetExpClk            
00001471  UARTDisable                    
000014e1  UARTEnable                     
0000026d  UARTStdioConfig                
000003b3  UARTgetc                       
000002f9  UARTgets                       
000006d3  UARTprintf                     
000003d9  UARTvprintf                    
000002b3  UARTwrite                      
20000200  __STACK_END                    
00000200  __STACK_SIZE                   
20000200  __STACK_TOP                    
0000164c  __TI_CINIT_Base                
00001654  __TI_CINIT_Limit               
00001644  __TI_Handler_Table_Base        
0000164c  __TI_Handler_Table_Limit       
00000fad  __TI_auto_init                 
20000200  __TI_cleanup_ptr               
0000101d  __TI_decompress_lzss           
00001529  __TI_decompress_none           
20000204  __TI_dtors_ptr                 
20000208  __TI_enable_exit_profile_output
ffffffff  __TI_pprof_out_hndl            
ffffffff  __TI_prof_data_size            
ffffffff  __TI_prof_data_start           
00000000  __TI_static_base__             
000012b7  __aeabi_d2uiz                  
00000713  __aeabi_dadd                   
00000a3d  __aeabi_ddiv                   
00000ca5  __aeabi_dmul                   
00000709  __aeabi_dsub                   
000013ad  __aeabi_f2d                    
000008bf  __aeabi_idiv0                  
00000e95  __aeabi_memcpy                 
00000e95  __aeabi_memcpy4                
00000e95  __aeabi_memcpy8                
000012fb  __aeabi_uidiv                  
000012fb  __aeabi_uidivmod               
ffffffff  __binit__                      
ffffffff  __c_args__                     
00000fab  __mpu_init                     
20000000  __stack                        
000014c9  _args_main                     
000010e5  _c_int00                       
2000020c  _lock                          
00001503  _nop                           
000014fb  _register_lock                 
000014f5  _register_unlock               
0000133b  _system_post_cinit             
0000156d  _system_pre_init               
20000210  _unlock                        
0000113d  abort                          
ffffffff  binit                          
000011dd  copy_in                        
00001145  exit                           
00000000  g_pfnVectors                   
00000939  main                           
2000021c  main_func_sp                   
00000e95  memcpy                         


GLOBAL SYMBOLS: SORTED BY Symbol Address 

address   name                           
-------   ----                           
00000000  __TI_static_base__             
00000000  g_pfnVectors                   
00000200  __STACK_SIZE                   
0000026d  UARTStdioConfig                
000002b3  UARTwrite                      
000002f9  UARTgets                       
000003b3  UARTgetc                       
000003d9  UARTvprintf                    
000006d3  UARTprintf                     
00000709  __aeabi_dsub                   
00000713  __aeabi_dadd                   
000008bf  __aeabi_idiv0                  
000008c1  SysTick_Init                   
000008ed  SysTick_Delay_10ms             
00000913  SysTick80_Delay_10ms           
00000939  main                           
000009b1  ADC_Init                       
00000a3d  __aeabi_ddiv                   
00000b73  GPIOPadConfigSet               
00000ca5  __aeabi_dmul                   
00000da1  SysCtlClockSet                 
00000e95  __aeabi_memcpy                 
00000e95  __aeabi_memcpy4                
00000e95  __aeabi_memcpy8                
00000e95  memcpy                         
00000f31  ADCSequenceStepConfigure       
00000fab  __mpu_init                     
00000fad  __TI_auto_init                 
0000101d  __TI_decompress_lzss           
00001085  InitConsole                    
000010e5  _c_int00                       
00001139  C$$EXIT                        
0000113d  abort                          
00001145  exit                           
0000118d  ADCSequenceConfigure           
000011dd  copy_in                        
00001229  GPIOPinConfigure               
00001271  UARTConfigSetExpClk            
000012b7  __aeabi_d2uiz                  
000012fb  __aeabi_uidiv                  
000012fb  __aeabi_uidivmod               
0000133b  _system_post_cinit             
0000133d  SysCtlPeripheralPresent        
00001375  SysCtlPeripheralReady          
000013ad  __aeabi_f2d                    
000013e5  SysCtlPeripheralEnable         
00001419  ADCIntStatus                   
00001447  GPIODirModeSet                 
00001471  UARTDisable                    
00001491  ADCSequenceDataGet             
000014af  ADCProcessorTrigger            
000014c9  _args_main                     
000014e1  UARTEnable                     
000014f5  _register_unlock               
000014fb  _register_lock                 
00001503  _nop                           
00001509  GPIOPinTypeUART                
0000151b  ADCSequenceEnable              
00001529  __TI_decompress_none           
00001537  ResetISR                       
00001543  ADCIntClear                    
0000154d  UARTCharGet                    
00001557  UARTCharPut                    
00001561  SysCtlDelay                    
00001567  UARTClockSourceSet             
0000156d  _system_pre_init               
00001644  __TI_Handler_Table_Base        
0000164c  __TI_CINIT_Base                
0000164c  __TI_Handler_Table_Limit       
00001654  __TI_CINIT_Limit               
20000000  __stack                        
20000200  __STACK_END                    
20000200  __STACK_TOP                    
20000200  __TI_cleanup_ptr               
20000204  __TI_dtors_ptr                 
20000208  __TI_enable_exit_profile_output
2000020c  _lock                          
20000210  _unlock                        
2000021c  main_func_sp                   
ffffffff  __TI_pprof_out_hndl            
ffffffff  __TI_prof_data_size            
ffffffff  __TI_prof_data_start           
ffffffff  __binit__                      
ffffffff  __c_args__                     
ffffffff  binit                          
UNDEFED   SHT$$INIT_ARRAY$$Base          
UNDEFED   SHT$$INIT_ARRAY$$Limit         

[87 symbols]
