******************************************************************************
                  TI ARM Linker PC v16.9.3                     
******************************************************************************
>> Linked Tue Nov 21 20:12:42 2017

OUTPUT FILE NAME:   <pwmUsingTimers.out>
ENTRY POINT SYMBOL: "_c_int00"  address: 000008ed


MEMORY CONFIGURATION

         name            origin    length      used     unused   attr    fill
----------------------  --------  ---------  --------  --------  ----  --------
  FLASH                 00000000   00040000  00000c74  0003f38c  R  X
  SRAM                  20000000   00008000  00000218  00007de8  RW X


SEGMENT ALLOCATION MAP

run origin  load origin   length   init length attrs members
----------  ----------- ---------- ----------- ----- -------
00000000    00000000    00000c74   00000c74    r-x
  00000000    00000000    0000026c   0000026c    r-- .intvecs
  0000026c    0000026c    000008e8   000008e8    r-x .text
  00000b54    00000b54    000000fc   000000fc    r-- .const
  00000c50    00000c50    00000024   00000024    r-- .cinit
20000000    20000000    00000218   00000000    rw-
  20000000    20000000    00000200   00000000    rw- .stack
  20000200    20000200    00000018   00000000    rw- .data


SECTION ALLOCATION MAP

 output                                  attributes/
section   page    origin      length       input sections
--------  ----  ----------  ----------   ----------------
.intvecs   0    00000000    0000026c     
                  00000000    0000026c     tm4c123gh6pm_startup_ccs.obj (.intvecs)

.text      0    0000026c    000008e8     
                  0000026c    00000174     main.obj (.text)
                  000003e0    00000132     driverlib.lib : gpio.obj (.text:GPIOPadConfigSet)
                  00000512    00000002     rtsv7M4_T_le_v4SPD16_eabi.lib : mpu_init.obj (.text)
                  00000514    00000110     driverlib.lib : sysctl.obj (.text:SysCtlClockGet)
                  00000624    000000f4                   : sysctl.obj (.text:SysCtlClockSet)
                  00000718    0000009c     rtsv7M4_T_le_v4SPD16_eabi.lib : memcpy_t2.obj (.text)
                  000007b4    00000070                                   : autoinit.obj (.text)
                  00000824    00000068                                   : copy_decompress_lzss.obj (.text:decompress:lzss)
                  0000088c    00000060     driverlib.lib : timer.obj (.text:TimerConfigure)
                  000008ec    00000054     rtsv7M4_T_le_v4SPD16_eabi.lib : boot.obj (.text)
                  00000940    00000054                                   : exit.obj (.text)
                  00000994    0000004c                                   : cpy_tbl.obj (.text)
                  000009e0    00000048     driverlib.lib : gpio.obj (.text:GPIOPinConfigure)
                  00000a28    00000038                   : sysctl.obj (.text:SysCtlPeripheralReady)
                  00000a60    00000034                   : sysctl.obj (.text:SysCtlPeripheralEnable)
                  00000a94    0000002a                   : gpio.obj (.text:GPIODirModeSet)
                  00000abe    00000002     rtsv7M4_T_le_v4SPD16_eabi.lib : startup.obj (.text)
                  00000ac0    00000018                                   : args_main.obj (.text)
                  00000ad8    00000014                                   : _lock.obj (.text)
                  00000aec    00000012     driverlib.lib : gpio.obj (.text:GPIOPinTypeTimer)
                  00000afe    00000012                   : timer.obj (.text:TimerLoadSet)
                  00000b10    00000012                   : timer.obj (.text:TimerMatchSet)
                  00000b22    0000000e                   : timer.obj (.text:TimerEnable)
                  00000b30    0000000e     rtsv7M4_T_le_v4SPD16_eabi.lib : copy_decompress_none.obj (.text:decompress:none)
                  00000b3e    0000000c     tm4c123gh6pm_startup_ccs.obj (.text)
                  00000b4a    00000006     driverlib.lib : sysctl.obj (.text:SysCtlDelay)
                  00000b50    00000004     rtsv7M4_T_le_v4SPD16_eabi.lib : pre_init.obj (.text)

.const     0    00000b54    000000fc     
                  00000b54    00000090     driverlib.lib : gpio.obj (.const:g_pui32GPIOBaseAddrs)
                  00000be4    0000006c                   : sysctl.obj (.const:g_pui32Xtals)

.cinit     0    00000c50    00000024     
                  00000c50    00000011     (.cinit..data.load) [load image, compression = lzss]
                  00000c61    00000003     --HOLE-- [fill = 0]
                  00000c64    00000008     (__TI_handler_table)
                  00000c6c    00000008     (__TI_cinit_table)

.init_array 
*          0    00000000    00000000     UNINITIALIZED

.stack     0    20000000    00000200     UNINITIALIZED
                  20000000    00000200     --HOLE--

.data      0    20000200    00000018     UNINITIALIZED
                  20000200    0000000c     rtsv7M4_T_le_v4SPD16_eabi.lib : exit.obj (.data:$O1$$)
                  2000020c    00000008                                   : _lock.obj (.data:$O1$$)
                  20000214    00000004                                   : stkdepth_vars.obj (.data)

MODULE SUMMARY

       Module                         code   ro data   rw data
       ------                         ----   -------   -------
    .\
       tm4c123gh6pm_startup_ccs.obj   12     620       0      
       main.obj                       372    0         0      
    +--+------------------------------+------+---------+---------+
       Total:                         384    620       0      
                                                              
    C:/ti/TivaWare_C_Series-2.1.4.178/driverlib/ccs/Debug/driverlib.lib
       sysctl.obj                     630    108       0      
       gpio.obj                       438    144       0      
       timer.obj                      146    0         0      
    +--+------------------------------+------+---------+---------+
       Total:                         1214   252       0      
                                                              
    C:\ti\ccsv7\tools\compiler\ti-cgt-arm_16.9.3.LTS\lib\rtsv7M4_T_le_v4SPD16_eabi.lib
       memcpy_t2.obj                  156    0         0      
       autoinit.obj                   112    0         0      
       copy_decompress_lzss.obj       104    0         0      
       exit.obj                       84     0         12     
       boot.obj                       84     0         0      
       cpy_tbl.obj                    76     0         0      
       _lock.obj                      20     0         8      
       args_main.obj                  24     0         0      
       copy_decompress_none.obj       14     0         0      
       pre_init.obj                   4      0         0      
       stkdepth_vars.obj              0      0         4      
       mpu_init.obj                   2      0         0      
       startup.obj                    2      0         0      
    +--+------------------------------+------+---------+---------+
       Total:                         682    0         24     
                                                              
       Stack:                         0      0         512    
       Linker Generated:              0      33        0      
    +--+------------------------------+------+---------+---------+
       Grand Total:                   2280   905       536    


LINKER GENERATED COPY TABLES

__TI_cinit_table @ 00000c6c records: 1, size/record: 8, table size: 8
	.data: load addr=00000c50, load size=00000011 bytes, run addr=20000200, run size=00000018 bytes, compression=lzss


LINKER GENERATED HANDLER TABLE

__TI_handler_table @ 00000c64 records: 2, size/record: 4, table size: 8
	index: 0, handler: __TI_decompress_lzss
	index: 1, handler: __TI_decompress_none


GLOBAL SYMBOLS: SORTED ALPHABETICALLY BY Name 

address   name                           
-------   ----                           
00000941  C$$EXIT                        
00000a95  GPIODirModeSet                 
000003e1  GPIOPadConfigSet               
000009e1  GPIOPinConfigure               
00000aed  GPIOPinTypeTimer               
00000b3f  ResetISR                       
UNDEFED   SHT$$INIT_ARRAY$$Base          
UNDEFED   SHT$$INIT_ARRAY$$Limit         
00000515  SysCtlClockGet                 
00000625  SysCtlClockSet                 
00000b4b  SysCtlDelay                    
00000a61  SysCtlPeripheralEnable         
00000a29  SysCtlPeripheralReady          
000002bf  SysTick80_Delay_10ms           
00000299  SysTick_Delay_10ms             
0000026d  SysTick_Init                   
0000088d  TimerConfigure                 
00000b23  TimerEnable                    
00000aff  TimerLoadSet                   
00000b11  TimerMatchSet                  
20000200  __STACK_END                    
00000200  __STACK_SIZE                   
20000200  __STACK_TOP                    
00000c6c  __TI_CINIT_Base                
00000c74  __TI_CINIT_Limit               
00000c64  __TI_Handler_Table_Base        
00000c6c  __TI_Handler_Table_Limit       
000007b5  __TI_auto_init                 
20000200  __TI_cleanup_ptr               
00000825  __TI_decompress_lzss           
00000b31  __TI_decompress_none           
20000204  __TI_dtors_ptr                 
20000208  __TI_enable_exit_profile_output
ffffffff  __TI_pprof_out_hndl            
ffffffff  __TI_prof_data_size            
ffffffff  __TI_prof_data_start           
00000000  __TI_static_base__             
00000719  __aeabi_memcpy                 
00000719  __aeabi_memcpy4                
00000719  __aeabi_memcpy8                
ffffffff  __binit__                      
ffffffff  __c_args__                     
00000513  __mpu_init                     
20000000  __stack                        
00000ac1  _args_main                     
000008ed  _c_int00                       
2000020c  _lock                          
00000ae7  _nop                           
00000adf  _register_lock                 
00000ad9  _register_unlock               
00000abf  _system_post_cinit             
00000b51  _system_pre_init               
20000210  _unlock                        
00000945  abort                          
ffffffff  binit                          
00000995  copy_in                        
0000094d  exit                           
00000000  g_pfnVectors                   
000002e5  main                           
20000214  main_func_sp                   
00000719  memcpy                         


GLOBAL SYMBOLS: SORTED BY Symbol Address 

address   name                           
-------   ----                           
00000000  __TI_static_base__             
00000000  g_pfnVectors                   
00000200  __STACK_SIZE                   
0000026d  SysTick_Init                   
00000299  SysTick_Delay_10ms             
000002bf  SysTick80_Delay_10ms           
000002e5  main                           
000003e1  GPIOPadConfigSet               
00000513  __mpu_init                     
00000515  SysCtlClockGet                 
00000625  SysCtlClockSet                 
00000719  __aeabi_memcpy                 
00000719  __aeabi_memcpy4                
00000719  __aeabi_memcpy8                
00000719  memcpy                         
000007b5  __TI_auto_init                 
00000825  __TI_decompress_lzss           
0000088d  TimerConfigure                 
000008ed  _c_int00                       
00000941  C$$EXIT                        
00000945  abort                          
0000094d  exit                           
00000995  copy_in                        
000009e1  GPIOPinConfigure               
00000a29  SysCtlPeripheralReady          
00000a61  SysCtlPeripheralEnable         
00000a95  GPIODirModeSet                 
00000abf  _system_post_cinit             
00000ac1  _args_main                     
00000ad9  _register_unlock               
00000adf  _register_lock                 
00000ae7  _nop                           
00000aed  GPIOPinTypeTimer               
00000aff  TimerLoadSet                   
00000b11  TimerMatchSet                  
00000b23  TimerEnable                    
00000b31  __TI_decompress_none           
00000b3f  ResetISR                       
00000b4b  SysCtlDelay                    
00000b51  _system_pre_init               
00000c64  __TI_Handler_Table_Base        
00000c6c  __TI_CINIT_Base                
00000c6c  __TI_Handler_Table_Limit       
00000c74  __TI_CINIT_Limit               
20000000  __stack                        
20000200  __STACK_END                    
20000200  __STACK_TOP                    
20000200  __TI_cleanup_ptr               
20000204  __TI_dtors_ptr                 
20000208  __TI_enable_exit_profile_output
2000020c  _lock                          
20000210  _unlock                        
20000214  main_func_sp                   
ffffffff  __TI_pprof_out_hndl            
ffffffff  __TI_prof_data_size            
ffffffff  __TI_prof_data_start           
ffffffff  __binit__                      
ffffffff  __c_args__                     
ffffffff  binit                          
UNDEFED   SHT$$INIT_ARRAY$$Base          
UNDEFED   SHT$$INIT_ARRAY$$Limit         

[61 symbols]
