<?xml version="1.0"?>
<link_info>
   <banner>TI ARM Linker PC v16.9.3.LTS</banner>
   <copyright>Copyright (c) 1996-2017 Texas Instruments Incorporated</copyright>
   <link_time>0x5a146c9a</link_time>
   <link_errors>0x0</link_errors>
   <output_file>pwmUsingTimers.out</output_file>
   <entry_point>
      <name>_c_int00</name>
      <address>0x8ed</address>
   </entry_point>
   <input_file_list>
      <input_file id="fl-2">
         <path>.\</path>
         <kind>object</kind>
         <file>main.obj</file>
         <name>main.obj</name>
      </input_file>
      <input_file id="fl-3">
         <path>.\</path>
         <kind>object</kind>
         <file>tm4c123gh6pm_startup_ccs.obj</file>
         <name>tm4c123gh6pm_startup_ccs.obj</name>
      </input_file>
      <input_file id="fl-8">
         <kind>object</kind>
         <file>&lt;internal&gt;</file>
         <name>&lt;internal&gt;</name>
      </input_file>
      <input_file id="fl-be">
         <path>C:\ti\ccsv7\tools\compiler\ti-cgt-arm_16.9.3.LTS\lib\</path>
         <kind>archive</kind>
         <file>rtsv7M4_T_le_v4SPD16_eabi.lib</file>
         <name>boot.obj</name>
      </input_file>
      <input_file id="fl-bf">
         <path>C:\ti\ccsv7\tools\compiler\ti-cgt-arm_16.9.3.LTS\lib\</path>
         <kind>archive</kind>
         <file>rtsv7M4_T_le_v4SPD16_eabi.lib</file>
         <name>copy_decompress_lzss.obj</name>
      </input_file>
      <input_file id="fl-c0">
         <path>C:\ti\ccsv7\tools\compiler\ti-cgt-arm_16.9.3.LTS\lib\</path>
         <kind>archive</kind>
         <file>rtsv7M4_T_le_v4SPD16_eabi.lib</file>
         <name>copy_decompress_none.obj</name>
      </input_file>
      <input_file id="fl-c1">
         <path>C:\ti\ccsv7\tools\compiler\ti-cgt-arm_16.9.3.LTS\lib\</path>
         <kind>archive</kind>
         <file>rtsv7M4_T_le_v4SPD16_eabi.lib</file>
         <name>copy_zero_init.obj</name>
      </input_file>
      <input_file id="fl-c2">
         <path>C:\ti\ccsv7\tools\compiler\ti-cgt-arm_16.9.3.LTS\lib\</path>
         <kind>archive</kind>
         <file>rtsv7M4_T_le_v4SPD16_eabi.lib</file>
         <name>exit.obj</name>
      </input_file>
      <input_file id="fl-c3">
         <path>C:\ti\ccsv7\tools\compiler\ti-cgt-arm_16.9.3.LTS\lib\</path>
         <kind>archive</kind>
         <file>rtsv7M4_T_le_v4SPD16_eabi.lib</file>
         <name>memcpy_t2.obj</name>
      </input_file>
      <input_file id="fl-c4">
         <path>C:\ti\ccsv7\tools\compiler\ti-cgt-arm_16.9.3.LTS\lib\</path>
         <kind>archive</kind>
         <file>rtsv7M4_T_le_v4SPD16_eabi.lib</file>
         <name>memset_t2.obj</name>
      </input_file>
      <input_file id="fl-c5">
         <path>C:\ti\ccsv7\tools\compiler\ti-cgt-arm_16.9.3.LTS\lib\</path>
         <kind>archive</kind>
         <file>rtsv7M4_T_le_v4SPD16_eabi.lib</file>
         <name>mpu_init.obj</name>
      </input_file>
      <input_file id="fl-c6">
         <path>C:\ti\ccsv7\tools\compiler\ti-cgt-arm_16.9.3.LTS\lib\</path>
         <kind>archive</kind>
         <file>rtsv7M4_T_le_v4SPD16_eabi.lib</file>
         <name>pre_init.obj</name>
      </input_file>
      <input_file id="fl-c7">
         <path>C:\ti\ccsv7\tools\compiler\ti-cgt-arm_16.9.3.LTS\lib\</path>
         <kind>archive</kind>
         <file>rtsv7M4_T_le_v4SPD16_eabi.lib</file>
         <name>stkdepth_vars.obj</name>
      </input_file>
      <input_file id="fl-c8">
         <path>C:\ti\ccsv7\tools\compiler\ti-cgt-arm_16.9.3.LTS\lib\</path>
         <kind>archive</kind>
         <file>rtsv7M4_T_le_v4SPD16_eabi.lib</file>
         <name>_lock.obj</name>
      </input_file>
      <input_file id="fl-c9">
         <path>C:\ti\ccsv7\tools\compiler\ti-cgt-arm_16.9.3.LTS\lib\</path>
         <kind>archive</kind>
         <file>rtsv7M4_T_le_v4SPD16_eabi.lib</file>
         <name>args_main.obj</name>
      </input_file>
      <input_file id="fl-ca">
         <path>C:\ti\ccsv7\tools\compiler\ti-cgt-arm_16.9.3.LTS\lib\</path>
         <kind>archive</kind>
         <file>rtsv7M4_T_le_v4SPD16_eabi.lib</file>
         <name>autoinit.obj</name>
      </input_file>
      <input_file id="fl-cb">
         <path>C:\ti\ccsv7\tools\compiler\ti-cgt-arm_16.9.3.LTS\lib\</path>
         <kind>archive</kind>
         <file>rtsv7M4_T_le_v4SPD16_eabi.lib</file>
         <name>cpy_tbl.obj</name>
      </input_file>
      <input_file id="fl-cc">
         <path>C:\ti\ccsv7\tools\compiler\ti-cgt-arm_16.9.3.LTS\lib\</path>
         <kind>archive</kind>
         <file>rtsv7M4_T_le_v4SPD16_eabi.lib</file>
         <name>startup.obj</name>
      </input_file>
      <input_file id="fl-cd">
         <path>C:\ti\TivaWare_C_Series-2.1.4.178\driverlib\ccs\Debug\</path>
         <kind>archive</kind>
         <file>driverlib.lib</file>
         <name>gpio.obj</name>
      </input_file>
      <input_file id="fl-ce">
         <path>C:\ti\TivaWare_C_Series-2.1.4.178\driverlib\ccs\Debug\</path>
         <kind>archive</kind>
         <file>driverlib.lib</file>
         <name>interrupt.obj</name>
      </input_file>
      <input_file id="fl-cf">
         <path>C:\ti\TivaWare_C_Series-2.1.4.178\driverlib\ccs\Debug\</path>
         <kind>archive</kind>
         <file>driverlib.lib</file>
         <name>sysctl.obj</name>
      </input_file>
      <input_file id="fl-d0">
         <path>C:\ti\TivaWare_C_Series-2.1.4.178\driverlib\ccs\Debug\</path>
         <kind>archive</kind>
         <file>driverlib.lib</file>
         <name>timer.obj</name>
      </input_file>
      <input_file id="fl-d1">
         <path>C:\ti\TivaWare_C_Series-2.1.4.178\driverlib\ccs\Debug\</path>
         <kind>archive</kind>
         <file>driverlib.lib</file>
         <name>cpu.obj</name>
      </input_file>
   </input_file_list>
   <object_component_list>
      <object_component id="oc-f">
         <name>.intvecs</name>
         <load_address>0x0</load_address>
         <run_address>0x0</run_address>
         <size>0x26c</size>
         <input_file_ref idref="fl-3"/>
      </object_component>
      <object_component id="oc-a7">
         <name>.text</name>
         <load_address>0x26c</load_address>
         <run_address>0x26c</run_address>
         <size>0x174</size>
         <input_file_ref idref="fl-2"/>
      </object_component>
      <object_component id="oc-13e">
         <name>.text:GPIOPadConfigSet</name>
         <load_address>0x3e0</load_address>
         <run_address>0x3e0</run_address>
         <size>0x132</size>
         <input_file_ref idref="fl-cd"/>
      </object_component>
      <object_component id="oc-57">
         <name>.text</name>
         <load_address>0x512</load_address>
         <run_address>0x512</run_address>
         <size>0x2</size>
         <input_file_ref idref="fl-c5"/>
      </object_component>
      <object_component id="oc-ee">
         <name>.text:SysCtlClockGet</name>
         <load_address>0x514</load_address>
         <run_address>0x514</run_address>
         <size>0x110</size>
         <input_file_ref idref="fl-cf"/>
      </object_component>
      <object_component id="oc-d0">
         <name>.text:SysCtlClockSet</name>
         <load_address>0x624</load_address>
         <run_address>0x624</run_address>
         <size>0xf4</size>
         <input_file_ref idref="fl-cf"/>
      </object_component>
      <object_component id="oc-3f">
         <name>.text</name>
         <load_address>0x718</load_address>
         <run_address>0x718</run_address>
         <size>0x9c</size>
         <input_file_ref idref="fl-c3"/>
      </object_component>
      <object_component id="oc-63">
         <name>.text</name>
         <load_address>0x7b4</load_address>
         <run_address>0x7b4</run_address>
         <size>0x70</size>
         <input_file_ref idref="fl-ca"/>
      </object_component>
      <object_component id="oc-12">
         <name>.text:decompress:lzss</name>
         <load_address>0x824</load_address>
         <run_address>0x824</run_address>
         <size>0x68</size>
         <input_file_ref idref="fl-bf"/>
      </object_component>
      <object_component id="oc-f4">
         <name>.text:TimerConfigure</name>
         <load_address>0x88c</load_address>
         <run_address>0x88c</run_address>
         <size>0x60</size>
         <input_file_ref idref="fl-d0"/>
      </object_component>
      <object_component id="oc-24">
         <name>.text</name>
         <load_address>0x8ec</load_address>
         <run_address>0x8ec</run_address>
         <size>0x54</size>
         <input_file_ref idref="fl-be"/>
      </object_component>
      <object_component id="oc-6f">
         <name>.text</name>
         <load_address>0x940</load_address>
         <run_address>0x940</run_address>
         <size>0x54</size>
         <input_file_ref idref="fl-c2"/>
      </object_component>
      <object_component id="oc-99">
         <name>.text</name>
         <load_address>0x994</load_address>
         <run_address>0x994</run_address>
         <size>0x4c</size>
         <input_file_ref idref="fl-cb"/>
      </object_component>
      <object_component id="oc-e2">
         <name>.text:GPIOPinConfigure</name>
         <load_address>0x9e0</load_address>
         <run_address>0x9e0</run_address>
         <size>0x48</size>
         <input_file_ref idref="fl-cd"/>
      </object_component>
      <object_component id="oc-dc">
         <name>.text:SysCtlPeripheralReady</name>
         <load_address>0xa28</load_address>
         <run_address>0xa28</run_address>
         <size>0x38</size>
         <input_file_ref idref="fl-cf"/>
      </object_component>
      <object_component id="oc-d6">
         <name>.text:SysCtlPeripheralEnable</name>
         <load_address>0xa60</load_address>
         <run_address>0xa60</run_address>
         <size>0x34</size>
         <input_file_ref idref="fl-cf"/>
      </object_component>
      <object_component id="oc-138">
         <name>.text:GPIODirModeSet</name>
         <load_address>0xa94</load_address>
         <run_address>0xa94</run_address>
         <size>0x2a</size>
         <input_file_ref idref="fl-cd"/>
      </object_component>
      <object_component id="oc-9f">
         <name>.text</name>
         <load_address>0xabe</load_address>
         <run_address>0xabe</run_address>
         <size>0x2</size>
         <input_file_ref idref="fl-cc"/>
      </object_component>
      <object_component id="oc-69">
         <name>.text</name>
         <load_address>0xac0</load_address>
         <run_address>0xac0</run_address>
         <size>0x18</size>
         <input_file_ref idref="fl-c9"/>
      </object_component>
      <object_component id="oc-116">
         <name>.text</name>
         <load_address>0xad8</load_address>
         <run_address>0xad8</run_address>
         <size>0x14</size>
         <input_file_ref idref="fl-c8"/>
      </object_component>
      <object_component id="oc-e8">
         <name>.text:GPIOPinTypeTimer</name>
         <load_address>0xaec</load_address>
         <run_address>0xaec</run_address>
         <size>0x12</size>
         <input_file_ref idref="fl-cd"/>
      </object_component>
      <object_component id="oc-fa">
         <name>.text:TimerLoadSet</name>
         <load_address>0xafe</load_address>
         <run_address>0xafe</run_address>
         <size>0x12</size>
         <input_file_ref idref="fl-d0"/>
      </object_component>
      <object_component id="oc-100">
         <name>.text:TimerMatchSet</name>
         <load_address>0xb10</load_address>
         <run_address>0xb10</run_address>
         <size>0x12</size>
         <input_file_ref idref="fl-d0"/>
      </object_component>
      <object_component id="oc-106">
         <name>.text:TimerEnable</name>
         <load_address>0xb22</load_address>
         <run_address>0xb22</run_address>
         <size>0xe</size>
         <input_file_ref idref="fl-d0"/>
      </object_component>
      <object_component id="oc-18">
         <name>.text:decompress:none</name>
         <load_address>0xb30</load_address>
         <run_address>0xb30</run_address>
         <size>0xe</size>
         <input_file_ref idref="fl-c0"/>
      </object_component>
      <object_component id="oc-2b">
         <name>.text</name>
         <load_address>0xb3e</load_address>
         <run_address>0xb3e</run_address>
         <size>0xc</size>
         <input_file_ref idref="fl-3"/>
      </object_component>
      <object_component id="oc-12e">
         <name>.text:SysCtlDelay</name>
         <load_address>0xb4a</load_address>
         <run_address>0xb4a</run_address>
         <size>0x6</size>
         <input_file_ref idref="fl-cf"/>
      </object_component>
      <object_component id="oc-5d">
         <name>.text</name>
         <load_address>0xb50</load_address>
         <run_address>0xb50</run_address>
         <size>0x4</size>
         <input_file_ref idref="fl-c6"/>
      </object_component>
      <object_component id="oc-133">
         <name>.const:g_pui32GPIOBaseAddrs</name>
         <load_address>0xb54</load_address>
         <run_address>0xb54</run_address>
         <size>0x90</size>
         <input_file_ref idref="fl-cd"/>
      </object_component>
      <object_component id="oc-145">
         <name>.const:g_pui32Xtals</name>
         <load_address>0xbe4</load_address>
         <run_address>0xbe4</run_address>
         <size>0x6c</size>
         <input_file_ref idref="fl-cf"/>
      </object_component>
      <object_component id="oc-183">
         <name>.cinit..data.load</name>
         <load_address>0xc50</load_address>
         <run_address>0xc50</run_address>
         <size>0x11</size>
      </object_component>
      <object_component id="oc-181">
         <name>__TI_handler_table</name>
         <load_address>0xc64</load_address>
         <run_address>0xc64</run_address>
         <size>0x8</size>
      </object_component>
      <object_component id="oc-182">
         <name>__TI_cinit_table</name>
         <load_address>0xc6c</load_address>
         <run_address>0xc6c</run_address>
         <size>0x8</size>
      </object_component>
      <object_component id="oc-af">
         <name>.data:$O1$$</name>
         <load_address>0x20000200</load_address>
         <run_address>0x20000200</run_address>
         <size>0xc</size>
         <input_file_ref idref="fl-c2"/>
      </object_component>
      <object_component id="oc-75">
         <name>.data</name>
         <load_address>0x20000214</load_address>
         <run_address>0x20000214</run_address>
         <size>0x4</size>
         <input_file_ref idref="fl-c7"/>
      </object_component>
      <object_component id="oc-b2">
         <name>.data:$O1$$</name>
         <load_address>0x2000020c</load_address>
         <run_address>0x2000020c</run_address>
         <size>0x8</size>
         <input_file_ref idref="fl-c8"/>
      </object_component>
      <object_component id="oc-2a">
         <name>.stack</name>
         <uninitialized>true</uninitialized>
         <run_address>0x20000000</run_address>
         <size>0x0</size>
         <input_file_ref idref="fl-be"/>
      </object_component>
      <object_component id="oc-184">
         <name>.stack</name>
         <uninitialized>true</uninitialized>
         <run_address>0x20000000</run_address>
         <size>0x0</size>
      </object_component>
      <object_component id="oc-a8">
         <name>.debug_info</name>
         <load_address>0x0</load_address>
         <run_address>0x0</run_address>
         <size>0x558</size>
         <input_file_ref idref="fl-2"/>
      </object_component>
      <object_component id="oc-ba">
         <name>.debug_info</name>
         <load_address>0x558</load_address>
         <run_address>0x558</run_address>
         <size>0x8b</size>
         <input_file_ref idref="fl-2"/>
      </object_component>
      <object_component id="oc-7c">
         <name>.debug_info</name>
         <load_address>0x5e3</load_address>
         <run_address>0x5e3</run_address>
         <size>0x18b</size>
         <input_file_ref idref="fl-2"/>
      </object_component>
      <object_component id="oc-33">
         <name>.debug_info</name>
         <load_address>0x76e</load_address>
         <run_address>0x76e</run_address>
         <size>0x2ad</size>
         <input_file_ref idref="fl-3"/>
      </object_component>
      <object_component id="oc-10">
         <name>.debug_info</name>
         <load_address>0xa1b</load_address>
         <run_address>0xa1b</run_address>
         <size>0xfe</size>
         <input_file_ref idref="fl-3"/>
      </object_component>
      <object_component id="oc-2e">
         <name>.debug_info</name>
         <load_address>0xb19</load_address>
         <run_address>0xb19</run_address>
         <size>0x27a</size>
         <input_file_ref idref="fl-3"/>
      </object_component>
      <object_component id="oc-3a">
         <name>.debug_info</name>
         <load_address>0xd93</load_address>
         <run_address>0xd93</run_address>
         <size>0x84</size>
         <input_file_ref idref="fl-3"/>
      </object_component>
      <object_component id="oc-25">
         <name>.debug_info</name>
         <load_address>0xe17</load_address>
         <run_address>0xe17</run_address>
         <size>0x160</size>
         <input_file_ref idref="fl-be"/>
      </object_component>
      <object_component id="oc-86">
         <name>.debug_info</name>
         <load_address>0xf77</load_address>
         <run_address>0xf77</run_address>
         <size>0x293</size>
         <input_file_ref idref="fl-bf"/>
      </object_component>
      <object_component id="oc-13">
         <name>.debug_info</name>
         <load_address>0x120a</load_address>
         <run_address>0x120a</run_address>
         <size>0x245</size>
         <input_file_ref idref="fl-bf"/>
      </object_component>
      <object_component id="oc-35">
         <name>.debug_info</name>
         <load_address>0x144f</load_address>
         <run_address>0x144f</run_address>
         <size>0x60</size>
         <input_file_ref idref="fl-bf"/>
      </object_component>
      <object_component id="oc-81">
         <name>.debug_info</name>
         <load_address>0x14af</load_address>
         <run_address>0x14af</run_address>
         <size>0x46</size>
         <input_file_ref idref="fl-bf"/>
      </object_component>
      <object_component id="oc-4a">
         <name>.debug_info</name>
         <load_address>0x14f5</load_address>
         <run_address>0x14f5</run_address>
         <size>0x2da</size>
         <input_file_ref idref="fl-c0"/>
      </object_component>
      <object_component id="oc-1a">
         <name>.debug_info</name>
         <load_address>0x17cf</load_address>
         <run_address>0x17cf</run_address>
         <size>0x1df</size>
         <input_file_ref idref="fl-c0"/>
      </object_component>
      <object_component id="oc-45">
         <name>.debug_info</name>
         <load_address>0x19ae</load_address>
         <run_address>0x19ae</run_address>
         <size>0x46</size>
         <input_file_ref idref="fl-c0"/>
      </object_component>
      <object_component id="oc-88">
         <name>.debug_info</name>
         <load_address>0x19f4</load_address>
         <run_address>0x19f4</run_address>
         <size>0x2c</size>
         <input_file_ref idref="fl-c0"/>
      </object_component>
      <object_component id="oc-90">
         <name>.debug_info</name>
         <load_address>0x1a20</load_address>
         <run_address>0x1a20</run_address>
         <size>0x2c</size>
         <input_file_ref idref="fl-c1"/>
      </object_component>
      <object_component id="oc-b6">
         <name>.debug_info</name>
         <load_address>0x1a4c</load_address>
         <run_address>0x1a4c</run_address>
         <size>0x3ce</size>
         <input_file_ref idref="fl-c2"/>
      </object_component>
      <object_component id="oc-b0">
         <name>.debug_info</name>
         <load_address>0x1e1a</load_address>
         <run_address>0x1e1a</run_address>
         <size>0x185</size>
         <input_file_ref idref="fl-c2"/>
      </object_component>
      <object_component id="oc-73">
         <name>.debug_info</name>
         <load_address>0x1f9f</load_address>
         <run_address>0x1f9f</run_address>
         <size>0x214</size>
         <input_file_ref idref="fl-c2"/>
      </object_component>
      <object_component id="oc-40">
         <name>.debug_info</name>
         <load_address>0x21b3</load_address>
         <run_address>0x21b3</run_address>
         <size>0x111</size>
         <input_file_ref idref="fl-c3"/>
      </object_component>
      <object_component id="oc-59">
         <name>.debug_info</name>
         <load_address>0x22c4</load_address>
         <run_address>0x22c4</run_address>
         <size>0x138</size>
         <input_file_ref idref="fl-c5"/>
      </object_component>
      <object_component id="oc-5e">
         <name>.debug_info</name>
         <load_address>0x23fc</load_address>
         <run_address>0x23fc</run_address>
         <size>0x148</size>
         <input_file_ref idref="fl-c6"/>
      </object_component>
      <object_component id="oc-76">
         <name>.debug_info</name>
         <load_address>0x2544</load_address>
         <run_address>0x2544</run_address>
         <size>0x109</size>
         <input_file_ref idref="fl-c7"/>
      </object_component>
      <object_component id="oc-11e">
         <name>.debug_info</name>
         <load_address>0x264d</load_address>
         <run_address>0x264d</run_address>
         <size>0x2be</size>
         <input_file_ref idref="fl-c8"/>
      </object_component>
      <object_component id="oc-b3">
         <name>.debug_info</name>
         <load_address>0x290b</load_address>
         <run_address>0x290b</run_address>
         <size>0x113</size>
         <input_file_ref idref="fl-c8"/>
      </object_component>
      <object_component id="oc-119">
         <name>.debug_info</name>
         <load_address>0x2a1e</load_address>
         <run_address>0x2a1e</run_address>
         <size>0x21f</size>
         <input_file_ref idref="fl-c8"/>
      </object_component>
      <object_component id="oc-ae">
         <name>.debug_info</name>
         <load_address>0x2c3d</load_address>
         <run_address>0x2c3d</run_address>
         <size>0x300</size>
         <input_file_ref idref="fl-c9"/>
      </object_component>
      <object_component id="oc-6c">
         <name>.debug_info</name>
         <load_address>0x2f3d</load_address>
         <run_address>0x2f3d</run_address>
         <size>0x167</size>
         <input_file_ref idref="fl-c9"/>
      </object_component>
      <object_component id="oc-10f">
         <name>.debug_info</name>
         <load_address>0x30a4</load_address>
         <run_address>0x30a4</run_address>
         <size>0x5e</size>
         <input_file_ref idref="fl-c9"/>
      </object_component>
      <object_component id="oc-a6">
         <name>.debug_info</name>
         <load_address>0x3102</load_address>
         <run_address>0x3102</run_address>
         <size>0x483</size>
         <input_file_ref idref="fl-ca"/>
      </object_component>
      <object_component id="oc-65">
         <name>.debug_info</name>
         <load_address>0x3585</load_address>
         <run_address>0x3585</run_address>
         <size>0x190</size>
         <input_file_ref idref="fl-ca"/>
      </object_component>
      <object_component id="oc-c6">
         <name>.debug_info</name>
         <load_address>0x3715</load_address>
         <run_address>0x3715</run_address>
         <size>0x39</size>
         <input_file_ref idref="fl-ca"/>
      </object_component>
      <object_component id="oc-129">
         <name>.debug_info</name>
         <load_address>0x374e</load_address>
         <run_address>0x374e</run_address>
         <size>0x39</size>
         <input_file_ref idref="fl-ca"/>
      </object_component>
      <object_component id="oc-cb">
         <name>.debug_info</name>
         <load_address>0x3787</load_address>
         <run_address>0x3787</run_address>
         <size>0xcd</size>
         <input_file_ref idref="fl-ca"/>
      </object_component>
      <object_component id="oc-c2">
         <name>.debug_info</name>
         <load_address>0x3854</load_address>
         <run_address>0x3854</run_address>
         <size>0x37a</size>
         <input_file_ref idref="fl-cb"/>
      </object_component>
      <object_component id="oc-9a">
         <name>.debug_info</name>
         <load_address>0x3bce</load_address>
         <run_address>0x3bce</run_address>
         <size>0x183</size>
         <input_file_ref idref="fl-cb"/>
      </object_component>
      <object_component id="oc-124">
         <name>.debug_info</name>
         <load_address>0x3d51</load_address>
         <run_address>0x3d51</run_address>
         <size>0x2c</size>
         <input_file_ref idref="fl-cb"/>
      </object_component>
      <object_component id="oc-a0">
         <name>.debug_info</name>
         <load_address>0x3d7d</load_address>
         <run_address>0x3d7d</run_address>
         <size>0x145</size>
         <input_file_ref idref="fl-cc"/>
      </object_component>
      <object_component id="oc-137">
         <name>.debug_info</name>
         <load_address>0x3ec2</load_address>
         <run_address>0x3ec2</run_address>
         <size>0x240</size>
         <input_file_ref idref="fl-cd"/>
      </object_component>
      <object_component id="oc-134">
         <name>.debug_info</name>
         <load_address>0x4102</load_address>
         <run_address>0x4102</run_address>
         <size>0x15b</size>
         <input_file_ref idref="fl-cd"/>
      </object_component>
      <object_component id="oc-139">
         <name>.debug_info</name>
         <load_address>0x425d</load_address>
         <run_address>0x425d</run_address>
         <size>0x2b3</size>
         <input_file_ref idref="fl-cd"/>
      </object_component>
      <object_component id="oc-13f">
         <name>.debug_info</name>
         <load_address>0x4510</load_address>
         <run_address>0x4510</run_address>
         <size>0x316</size>
         <input_file_ref idref="fl-cd"/>
      </object_component>
      <object_component id="oc-e9">
         <name>.debug_info</name>
         <load_address>0x4826</load_address>
         <run_address>0x4826</run_address>
         <size>0x27d</size>
         <input_file_ref idref="fl-cd"/>
      </object_component>
      <object_component id="oc-e3">
         <name>.debug_info</name>
         <load_address>0x4aa3</load_address>
         <run_address>0x4aa3</run_address>
         <size>0x280</size>
         <input_file_ref idref="fl-cd"/>
      </object_component>
      <object_component id="oc-130">
         <name>.debug_info</name>
         <load_address>0x4d23</load_address>
         <run_address>0x4d23</run_address>
         <size>0x298</size>
         <input_file_ref idref="fl-cf"/>
      </object_component>
      <object_component id="oc-146">
         <name>.debug_info</name>
         <load_address>0x4fbb</load_address>
         <run_address>0x4fbb</run_address>
         <size>0x14d</size>
         <input_file_ref idref="fl-cf"/>
      </object_component>
      <object_component id="oc-e0">
         <name>.debug_info</name>
         <load_address>0x5108</load_address>
         <run_address>0x5108</run_address>
         <size>0x27f</size>
         <input_file_ref idref="fl-cf"/>
      </object_component>
      <object_component id="oc-da">
         <name>.debug_info</name>
         <load_address>0x5387</load_address>
         <run_address>0x5387</run_address>
         <size>0x27d</size>
         <input_file_ref idref="fl-cf"/>
      </object_component>
      <object_component id="oc-d1">
         <name>.debug_info</name>
         <load_address>0x5604</load_address>
         <run_address>0x5604</run_address>
         <size>0x2db</size>
         <input_file_ref idref="fl-cf"/>
      </object_component>
      <object_component id="oc-ef">
         <name>.debug_info</name>
         <load_address>0x58df</load_address>
         <run_address>0x58df</run_address>
         <size>0x2b5</size>
         <input_file_ref idref="fl-cf"/>
      </object_component>
      <object_component id="oc-153">
         <name>.debug_info</name>
         <load_address>0x5b94</load_address>
         <run_address>0x5b94</run_address>
         <size>0x5f</size>
         <input_file_ref idref="fl-cf"/>
      </object_component>
      <object_component id="oc-14a">
         <name>.debug_info</name>
         <load_address>0x5bf3</load_address>
         <run_address>0x5bf3</run_address>
         <size>0x223</size>
         <input_file_ref idref="fl-d0"/>
      </object_component>
      <object_component id="oc-101">
         <name>.debug_info</name>
         <load_address>0x5e16</load_address>
         <run_address>0x5e16</run_address>
         <size>0x2bc</size>
         <input_file_ref idref="fl-d0"/>
      </object_component>
      <object_component id="oc-fb">
         <name>.debug_info</name>
         <load_address>0x60d2</load_address>
         <run_address>0x60d2</run_address>
         <size>0x2ba</size>
         <input_file_ref idref="fl-d0"/>
      </object_component>
      <object_component id="oc-107">
         <name>.debug_info</name>
         <load_address>0x638c</load_address>
         <run_address>0x638c</run_address>
         <size>0x27f</size>
         <input_file_ref idref="fl-d0"/>
      </object_component>
      <object_component id="oc-f5">
         <name>.debug_info</name>
         <load_address>0x660b</load_address>
         <run_address>0x660b</run_address>
         <size>0x28c</size>
         <input_file_ref idref="fl-d0"/>
      </object_component>
      <object_component id="oc-185">
         <name>.debug_info</name>
         <load_address>0x6897</load_address>
         <run_address>0x6897</run_address>
         <size>0xb4</size>
      </object_component>
      <object_component id="oc-ab">
         <name>.debug_line</name>
         <load_address>0x0</load_address>
         <run_address>0x0</run_address>
         <size>0x12a</size>
         <input_file_ref idref="fl-2"/>
      </object_component>
      <object_component id="oc-bd">
         <name>.debug_line</name>
         <load_address>0x12a</load_address>
         <run_address>0x12a</run_address>
         <size>0x20</size>
         <input_file_ref idref="fl-2"/>
      </object_component>
      <object_component id="oc-7f">
         <name>.debug_line</name>
         <load_address>0x14a</load_address>
         <run_address>0x14a</run_address>
         <size>0x65</size>
         <input_file_ref idref="fl-2"/>
      </object_component>
      <object_component id="oc-7b">
         <name>.debug_line</name>
         <load_address>0x1af</load_address>
         <run_address>0x1af</run_address>
         <size>0x41</size>
         <input_file_ref idref="fl-3"/>
      </object_component>
      <object_component id="oc-32">
         <name>.debug_line</name>
         <load_address>0x1f0</load_address>
         <run_address>0x1f0</run_address>
         <size>0x41</size>
         <input_file_ref idref="fl-3"/>
      </object_component>
      <object_component id="oc-2d">
         <name>.debug_line</name>
         <load_address>0x231</load_address>
         <run_address>0x231</run_address>
         <size>0xa1</size>
         <input_file_ref idref="fl-3"/>
      </object_component>
      <object_component id="oc-3d">
         <name>.debug_line</name>
         <load_address>0x2d2</load_address>
         <run_address>0x2d2</run_address>
         <size>0x20</size>
         <input_file_ref idref="fl-3"/>
      </object_component>
      <object_component id="oc-28">
         <name>.debug_line</name>
         <load_address>0x2f2</load_address>
         <run_address>0x2f2</run_address>
         <size>0x53</size>
         <input_file_ref idref="fl-be"/>
      </object_component>
      <object_component id="oc-c0">
         <name>.debug_line</name>
         <load_address>0x345</load_address>
         <run_address>0x345</run_address>
         <size>0x20</size>
         <input_file_ref idref="fl-bf"/>
      </object_component>
      <object_component id="oc-16">
         <name>.debug_line</name>
         <load_address>0x365</load_address>
         <run_address>0x365</run_address>
         <size>0xa9</size>
         <input_file_ref idref="fl-bf"/>
      </object_component>
      <object_component id="oc-38">
         <name>.debug_line</name>
         <load_address>0x40e</load_address>
         <run_address>0x40e</run_address>
         <size>0x3a</size>
         <input_file_ref idref="fl-bf"/>
      </object_component>
      <object_component id="oc-84">
         <name>.debug_line</name>
         <load_address>0x448</load_address>
         <run_address>0x448</run_address>
         <size>0x8a</size>
         <input_file_ref idref="fl-bf"/>
      </object_component>
      <object_component id="oc-8e">
         <name>.debug_line</name>
         <load_address>0x4d2</load_address>
         <run_address>0x4d2</run_address>
         <size>0x8a</size>
         <input_file_ref idref="fl-c0"/>
      </object_component>
      <object_component id="oc-19">
         <name>.debug_line</name>
         <load_address>0x55c</load_address>
         <run_address>0x55c</run_address>
         <size>0x55</size>
         <input_file_ref idref="fl-c0"/>
      </object_component>
      <object_component id="oc-48">
         <name>.debug_line</name>
         <load_address>0x5b1</load_address>
         <run_address>0x5b1</run_address>
         <size>0x3a</size>
         <input_file_ref idref="fl-c0"/>
      </object_component>
      <object_component id="oc-8b">
         <name>.debug_line</name>
         <load_address>0x5eb</load_address>
         <run_address>0x5eb</run_address>
         <size>0x8a</size>
         <input_file_ref idref="fl-c0"/>
      </object_component>
      <object_component id="oc-93">
         <name>.debug_line</name>
         <load_address>0x675</load_address>
         <run_address>0x675</run_address>
         <size>0x8a</size>
         <input_file_ref idref="fl-c1"/>
      </object_component>
      <object_component id="oc-121">
         <name>.debug_line</name>
         <load_address>0x6ff</load_address>
         <run_address>0x6ff</run_address>
         <size>0xf2</size>
         <input_file_ref idref="fl-c2"/>
      </object_component>
      <object_component id="oc-115">
         <name>.debug_line</name>
         <load_address>0x7f1</load_address>
         <run_address>0x7f1</run_address>
         <size>0x2a</size>
         <input_file_ref idref="fl-c2"/>
      </object_component>
      <object_component id="oc-71">
         <name>.debug_line</name>
         <load_address>0x81b</load_address>
         <run_address>0x81b</run_address>
         <size>0x86</size>
         <input_file_ref idref="fl-c2"/>
      </object_component>
      <object_component id="oc-43">
         <name>.debug_line</name>
         <load_address>0x8a1</load_address>
         <run_address>0x8a1</run_address>
         <size>0x88</size>
         <input_file_ref idref="fl-c3"/>
      </object_component>
      <object_component id="oc-58">
         <name>.debug_line</name>
         <load_address>0x929</load_address>
         <run_address>0x929</run_address>
         <size>0x3d</size>
         <input_file_ref idref="fl-c5"/>
      </object_component>
      <object_component id="oc-61">
         <name>.debug_line</name>
         <load_address>0x966</load_address>
         <run_address>0x966</run_address>
         <size>0x40</size>
         <input_file_ref idref="fl-c6"/>
      </object_component>
      <object_component id="oc-b9">
         <name>.debug_line</name>
         <load_address>0x9a6</load_address>
         <run_address>0x9a6</run_address>
         <size>0x33</size>
         <input_file_ref idref="fl-c7"/>
      </object_component>
      <object_component id="oc-150">
         <name>.debug_line</name>
         <load_address>0x9d9</load_address>
         <run_address>0x9d9</run_address>
         <size>0x20</size>
         <input_file_ref idref="fl-c8"/>
      </object_component>
      <object_component id="oc-11d">
         <name>.debug_line</name>
         <load_address>0x9f9</load_address>
         <run_address>0x9f9</run_address>
         <size>0x2b</size>
         <input_file_ref idref="fl-c8"/>
      </object_component>
      <object_component id="oc-117">
         <name>.debug_line</name>
         <load_address>0xa24</load_address>
         <run_address>0xa24</run_address>
         <size>0x68</size>
         <input_file_ref idref="fl-c8"/>
      </object_component>
      <object_component id="oc-10e">
         <name>.debug_line</name>
         <load_address>0xa8c</load_address>
         <run_address>0xa8c</run_address>
         <size>0x2b</size>
         <input_file_ref idref="fl-c9"/>
      </object_component>
      <object_component id="oc-6b">
         <name>.debug_line</name>
         <load_address>0xab7</load_address>
         <run_address>0xab7</run_address>
         <size>0x4a</size>
         <input_file_ref idref="fl-c9"/>
      </object_component>
      <object_component id="oc-112">
         <name>.debug_line</name>
         <load_address>0xb01</load_address>
         <run_address>0xb01</run_address>
         <size>0x2b</size>
         <input_file_ref idref="fl-c9"/>
      </object_component>
      <object_component id="oc-c5">
         <name>.debug_line</name>
         <load_address>0xb2c</load_address>
         <run_address>0xb2c</run_address>
         <size>0xa9</size>
         <input_file_ref idref="fl-ca"/>
      </object_component>
      <object_component id="oc-67">
         <name>.debug_line</name>
         <load_address>0xbd5</load_address>
         <run_address>0xbd5</run_address>
         <size>0x8b</size>
         <input_file_ref idref="fl-ca"/>
      </object_component>
      <object_component id="oc-c9">
         <name>.debug_line</name>
         <load_address>0xc60</load_address>
         <run_address>0xc60</run_address>
         <size>0x2e</size>
         <input_file_ref idref="fl-ca"/>
      </object_component>
      <object_component id="oc-12c">
         <name>.debug_line</name>
         <load_address>0xc8e</load_address>
         <run_address>0xc8e</run_address>
         <size>0x8a</size>
         <input_file_ref idref="fl-ca"/>
      </object_component>
      <object_component id="oc-ce">
         <name>.debug_line</name>
         <load_address>0xd18</load_address>
         <run_address>0xd18</run_address>
         <size>0x8b</size>
         <input_file_ref idref="fl-ca"/>
      </object_component>
      <object_component id="oc-123">
         <name>.debug_line</name>
         <load_address>0xda3</load_address>
         <run_address>0xda3</run_address>
         <size>0x98</size>
         <input_file_ref idref="fl-cb"/>
      </object_component>
      <object_component id="oc-9d">
         <name>.debug_line</name>
         <load_address>0xe3b</load_address>
         <run_address>0xe3b</run_address>
         <size>0x68</size>
         <input_file_ref idref="fl-cb"/>
      </object_component>
      <object_component id="oc-127">
         <name>.debug_line</name>
         <load_address>0xea3</load_address>
         <run_address>0xea3</run_address>
         <size>0x2e</size>
         <input_file_ref idref="fl-cb"/>
      </object_component>
      <object_component id="oc-a3">
         <name>.debug_line</name>
         <load_address>0xed1</load_address>
         <run_address>0xed1</run_address>
         <size>0x3c</size>
         <input_file_ref idref="fl-cc"/>
      </object_component>
      <object_component id="oc-15b">
         <name>.debug_line</name>
         <load_address>0xf0d</load_address>
         <run_address>0xf0d</run_address>
         <size>0x82</size>
         <input_file_ref idref="fl-cd"/>
      </object_component>
      <object_component id="oc-159">
         <name>.debug_line</name>
         <load_address>0xf8f</load_address>
         <run_address>0xf8f</run_address>
         <size>0x7d</size>
         <input_file_ref idref="fl-cd"/>
      </object_component>
      <object_component id="oc-13d">
         <name>.debug_line</name>
         <load_address>0x100c</load_address>
         <run_address>0x100c</run_address>
         <size>0x95</size>
         <input_file_ref idref="fl-cd"/>
      </object_component>
      <object_component id="oc-143">
         <name>.debug_line</name>
         <load_address>0x10a1</load_address>
         <run_address>0x10a1</run_address>
         <size>0xd1</size>
         <input_file_ref idref="fl-cd"/>
      </object_component>
      <object_component id="oc-ed">
         <name>.debug_line</name>
         <load_address>0x1172</load_address>
         <run_address>0x1172</run_address>
         <size>0x93</size>
         <input_file_ref idref="fl-cd"/>
      </object_component>
      <object_component id="oc-e7">
         <name>.debug_line</name>
         <load_address>0x1205</load_address>
         <run_address>0x1205</run_address>
         <size>0xa7</size>
         <input_file_ref idref="fl-cd"/>
      </object_component>
      <object_component id="oc-152">
         <name>.debug_line</name>
         <load_address>0x12ac</load_address>
         <run_address>0x12ac</run_address>
         <size>0x13d</size>
         <input_file_ref idref="fl-cf"/>
      </object_component>
      <object_component id="oc-15f">
         <name>.debug_line</name>
         <load_address>0x13e9</load_address>
         <run_address>0x13e9</run_address>
         <size>0x7f</size>
         <input_file_ref idref="fl-cf"/>
      </object_component>
      <object_component id="oc-dd">
         <name>.debug_line</name>
         <load_address>0x1468</load_address>
         <run_address>0x1468</run_address>
         <size>0x94</size>
         <input_file_ref idref="fl-cf"/>
      </object_component>
      <object_component id="oc-d7">
         <name>.debug_line</name>
         <load_address>0x14fc</load_address>
         <run_address>0x14fc</run_address>
         <size>0x94</size>
         <input_file_ref idref="fl-cf"/>
      </object_component>
      <object_component id="oc-d4">
         <name>.debug_line</name>
         <load_address>0x1590</load_address>
         <run_address>0x1590</run_address>
         <size>0xee</size>
         <input_file_ref idref="fl-cf"/>
      </object_component>
      <object_component id="oc-f2">
         <name>.debug_line</name>
         <load_address>0x167e</load_address>
         <run_address>0x167e</run_address>
         <size>0x11a</size>
         <input_file_ref idref="fl-cf"/>
      </object_component>
      <object_component id="oc-156">
         <name>.debug_line</name>
         <load_address>0x1798</load_address>
         <run_address>0x1798</run_address>
         <size>0x7f</size>
         <input_file_ref idref="fl-cf"/>
      </object_component>
      <object_component id="oc-161">
         <name>.debug_line</name>
         <load_address>0x1817</load_address>
         <run_address>0x1817</run_address>
         <size>0x82</size>
         <input_file_ref idref="fl-d0"/>
      </object_component>
      <object_component id="oc-104">
         <name>.debug_line</name>
         <load_address>0x1899</load_address>
         <run_address>0x1899</run_address>
         <size>0x9c</size>
         <input_file_ref idref="fl-d0"/>
      </object_component>
      <object_component id="oc-fe">
         <name>.debug_line</name>
         <load_address>0x1935</load_address>
         <run_address>0x1935</run_address>
         <size>0x9c</size>
         <input_file_ref idref="fl-d0"/>
      </object_component>
      <object_component id="oc-10a">
         <name>.debug_line</name>
         <load_address>0x19d1</load_address>
         <run_address>0x19d1</run_address>
         <size>0x93</size>
         <input_file_ref idref="fl-d0"/>
      </object_component>
      <object_component id="oc-f8">
         <name>.debug_line</name>
         <load_address>0x1a64</load_address>
         <run_address>0x1a64</run_address>
         <size>0xb7</size>
         <input_file_ref idref="fl-d0"/>
      </object_component>
      <object_component id="oc-ac">
         <name>.debug_frame</name>
         <load_address>0x0</load_address>
         <run_address>0x0</run_address>
         <size>0xac</size>
         <input_file_ref idref="fl-2"/>
      </object_component>
      <object_component id="oc-2c">
         <name>.debug_frame</name>
         <load_address>0xac</load_address>
         <run_address>0xac</run_address>
         <size>0x84</size>
         <input_file_ref idref="fl-3"/>
      </object_component>
      <object_component id="oc-17">
         <name>.debug_frame</name>
         <load_address>0x130</load_address>
         <run_address>0x130</run_address>
         <size>0x60</size>
         <input_file_ref idref="fl-bf"/>
      </object_component>
      <object_component id="oc-1d">
         <name>.debug_frame</name>
         <load_address>0x190</load_address>
         <run_address>0x190</run_address>
         <size>0x51</size>
         <input_file_ref idref="fl-c0"/>
      </object_component>
      <object_component id="oc-72">
         <name>.debug_frame</name>
         <load_address>0x1e1</load_address>
         <run_address>0x1e1</run_address>
         <size>0x85</size>
         <input_file_ref idref="fl-c2"/>
      </object_component>
      <object_component id="oc-5c">
         <name>.debug_frame</name>
         <load_address>0x266</load_address>
         <run_address>0x266</run_address>
         <size>0x51</size>
         <input_file_ref idref="fl-c5"/>
      </object_component>
      <object_component id="oc-62">
         <name>.debug_frame</name>
         <load_address>0x2b7</load_address>
         <run_address>0x2b7</run_address>
         <size>0x51</size>
         <input_file_ref idref="fl-c6"/>
      </object_component>
      <object_component id="oc-118">
         <name>.debug_frame</name>
         <load_address>0x308</load_address>
         <run_address>0x308</run_address>
         <size>0x73</size>
         <input_file_ref idref="fl-c8"/>
      </object_component>
      <object_component id="oc-6a">
         <name>.debug_frame</name>
         <load_address>0x37b</load_address>
         <run_address>0x37b</run_address>
         <size>0x51</size>
         <input_file_ref idref="fl-c9"/>
      </object_component>
      <object_component id="oc-68">
         <name>.debug_frame</name>
         <load_address>0x3cc</load_address>
         <run_address>0x3cc</run_address>
         <size>0x5c</size>
         <input_file_ref idref="fl-ca"/>
      </object_component>
      <object_component id="oc-9e">
         <name>.debug_frame</name>
         <load_address>0x428</load_address>
         <run_address>0x428</run_address>
         <size>0x60</size>
         <input_file_ref idref="fl-cb"/>
      </object_component>
      <object_component id="oc-a4">
         <name>.debug_frame</name>
         <load_address>0x488</load_address>
         <run_address>0x488</run_address>
         <size>0x51</size>
         <input_file_ref idref="fl-cc"/>
      </object_component>
      <object_component id="oc-13c">
         <name>.debug_frame</name>
         <load_address>0x4d9</load_address>
         <run_address>0x4d9</run_address>
         <size>0x7f</size>
         <input_file_ref idref="fl-cd"/>
      </object_component>
      <object_component id="oc-142">
         <name>.debug_frame</name>
         <load_address>0x558</load_address>
         <run_address>0x558</run_address>
         <size>0x8f</size>
         <input_file_ref idref="fl-cd"/>
      </object_component>
      <object_component id="oc-ec">
         <name>.debug_frame</name>
         <load_address>0x5e7</load_address>
         <run_address>0x5e7</run_address>
         <size>0x86</size>
         <input_file_ref idref="fl-cd"/>
      </object_component>
      <object_component id="oc-e6">
         <name>.debug_frame</name>
         <load_address>0x66d</load_address>
         <run_address>0x66d</run_address>
         <size>0x86</size>
         <input_file_ref idref="fl-cd"/>
      </object_component>
      <object_component id="oc-de">
         <name>.debug_frame</name>
         <load_address>0x6f3</load_address>
         <run_address>0x6f3</run_address>
         <size>0x7f</size>
         <input_file_ref idref="fl-cf"/>
      </object_component>
      <object_component id="oc-d8">
         <name>.debug_frame</name>
         <load_address>0x772</load_address>
         <run_address>0x772</run_address>
         <size>0x7f</size>
         <input_file_ref idref="fl-cf"/>
      </object_component>
      <object_component id="oc-d5">
         <name>.debug_frame</name>
         <load_address>0x7f1</load_address>
         <run_address>0x7f1</run_address>
         <size>0x93</size>
         <input_file_ref idref="fl-cf"/>
      </object_component>
      <object_component id="oc-f3">
         <name>.debug_frame</name>
         <load_address>0x884</load_address>
         <run_address>0x884</run_address>
         <size>0x8e</size>
         <input_file_ref idref="fl-cf"/>
      </object_component>
      <object_component id="oc-105">
         <name>.debug_frame</name>
         <load_address>0x912</load_address>
         <run_address>0x912</run_address>
         <size>0x7f</size>
         <input_file_ref idref="fl-d0"/>
      </object_component>
      <object_component id="oc-ff">
         <name>.debug_frame</name>
         <load_address>0x991</load_address>
         <run_address>0x991</run_address>
         <size>0x7f</size>
         <input_file_ref idref="fl-d0"/>
      </object_component>
      <object_component id="oc-10b">
         <name>.debug_frame</name>
         <load_address>0xa10</load_address>
         <run_address>0xa10</run_address>
         <size>0x7f</size>
         <input_file_ref idref="fl-d0"/>
      </object_component>
      <object_component id="oc-f9">
         <name>.debug_frame</name>
         <load_address>0xa8f</load_address>
         <run_address>0xa8f</run_address>
         <size>0x86</size>
         <input_file_ref idref="fl-d0"/>
      </object_component>
      <object_component id="oc-10c">
         <name>.debug_abbrev</name>
         <load_address>0x0</load_address>
         <run_address>0x0</run_address>
         <size>0xa9</size>
         <input_file_ref idref="fl-2"/>
      </object_component>
      <object_component id="oc-bc">
         <name>.debug_abbrev</name>
         <load_address>0xa9</load_address>
         <run_address>0xa9</run_address>
         <size>0x1f</size>
         <input_file_ref idref="fl-2"/>
      </object_component>
      <object_component id="oc-7e">
         <name>.debug_abbrev</name>
         <load_address>0xc8</load_address>
         <run_address>0xc8</run_address>
         <size>0x35</size>
         <input_file_ref idref="fl-2"/>
      </object_component>
      <object_component id="oc-7a">
         <name>.debug_abbrev</name>
         <load_address>0xfd</load_address>
         <run_address>0xfd</run_address>
         <size>0x5f</size>
         <input_file_ref idref="fl-3"/>
      </object_component>
      <object_component id="oc-31">
         <name>.debug_abbrev</name>
         <load_address>0x15c</load_address>
         <run_address>0x15c</run_address>
         <size>0x29</size>
         <input_file_ref idref="fl-3"/>
      </object_component>
      <object_component id="oc-79">
         <name>.debug_abbrev</name>
         <load_address>0x185</load_address>
         <run_address>0x185</run_address>
         <size>0x79</size>
         <input_file_ref idref="fl-3"/>
      </object_component>
      <object_component id="oc-3c">
         <name>.debug_abbrev</name>
         <load_address>0x1fe</load_address>
         <run_address>0x1fe</run_address>
         <size>0x1f</size>
         <input_file_ref idref="fl-3"/>
      </object_component>
      <object_component id="oc-78">
         <name>.debug_abbrev</name>
         <load_address>0x21d</load_address>
         <run_address>0x21d</run_address>
         <size>0x3e</size>
         <input_file_ref idref="fl-be"/>
      </object_component>
      <object_component id="oc-bf">
         <name>.debug_abbrev</name>
         <load_address>0x25b</load_address>
         <run_address>0x25b</run_address>
         <size>0x37</size>
         <input_file_ref idref="fl-bf"/>
      </object_component>
      <object_component id="oc-34">
         <name>.debug_abbrev</name>
         <load_address>0x292</load_address>
         <run_address>0x292</run_address>
         <size>0x6f</size>
         <input_file_ref idref="fl-bf"/>
      </object_component>
      <object_component id="oc-37">
         <name>.debug_abbrev</name>
         <load_address>0x301</load_address>
         <run_address>0x301</run_address>
         <size>0x24</size>
         <input_file_ref idref="fl-bf"/>
      </object_component>
      <object_component id="oc-83">
         <name>.debug_abbrev</name>
         <load_address>0x325</load_address>
         <run_address>0x325</run_address>
         <size>0x35</size>
         <input_file_ref idref="fl-bf"/>
      </object_component>
      <object_component id="oc-8d">
         <name>.debug_abbrev</name>
         <load_address>0x35a</load_address>
         <run_address>0x35a</run_address>
         <size>0x5d</size>
         <input_file_ref idref="fl-c0"/>
      </object_component>
      <object_component id="oc-44">
         <name>.debug_abbrev</name>
         <load_address>0x3b7</load_address>
         <run_address>0x3b7</run_address>
         <size>0x74</size>
         <input_file_ref idref="fl-c0"/>
      </object_component>
      <object_component id="oc-47">
         <name>.debug_abbrev</name>
         <load_address>0x42b</load_address>
         <run_address>0x42b</run_address>
         <size>0x24</size>
         <input_file_ref idref="fl-c0"/>
      </object_component>
      <object_component id="oc-8a">
         <name>.debug_abbrev</name>
         <load_address>0x44f</load_address>
         <run_address>0x44f</run_address>
         <size>0x24</size>
         <input_file_ref idref="fl-c0"/>
      </object_component>
      <object_component id="oc-92">
         <name>.debug_abbrev</name>
         <load_address>0x473</load_address>
         <run_address>0x473</run_address>
         <size>0x24</size>
         <input_file_ref idref="fl-c1"/>
      </object_component>
      <object_component id="oc-120">
         <name>.debug_abbrev</name>
         <load_address>0x497</load_address>
         <run_address>0x497</run_address>
         <size>0xb3</size>
         <input_file_ref idref="fl-c2"/>
      </object_component>
      <object_component id="oc-114">
         <name>.debug_abbrev</name>
         <load_address>0x54a</load_address>
         <run_address>0x54a</run_address>
         <size>0x29</size>
         <input_file_ref idref="fl-c2"/>
      </object_component>
      <object_component id="oc-b5">
         <name>.debug_abbrev</name>
         <load_address>0x573</load_address>
         <run_address>0x573</run_address>
         <size>0xba</size>
         <input_file_ref idref="fl-c2"/>
      </object_component>
      <object_component id="oc-87">
         <name>.debug_abbrev</name>
         <load_address>0x62d</load_address>
         <run_address>0x62d</run_address>
         <size>0x3e</size>
         <input_file_ref idref="fl-c3"/>
      </object_component>
      <object_component id="oc-97">
         <name>.debug_abbrev</name>
         <load_address>0x66b</load_address>
         <run_address>0x66b</run_address>
         <size>0x53</size>
         <input_file_ref idref="fl-c5"/>
      </object_component>
      <object_component id="oc-98">
         <name>.debug_abbrev</name>
         <load_address>0x6be</load_address>
         <run_address>0x6be</run_address>
         <size>0x55</size>
         <input_file_ref idref="fl-c6"/>
      </object_component>
      <object_component id="oc-b8">
         <name>.debug_abbrev</name>
         <load_address>0x713</load_address>
         <run_address>0x713</run_address>
         <size>0x27</size>
         <input_file_ref idref="fl-c7"/>
      </object_component>
      <object_component id="oc-14f">
         <name>.debug_abbrev</name>
         <load_address>0x73a</load_address>
         <run_address>0x73a</run_address>
         <size>0x50</size>
         <input_file_ref idref="fl-c8"/>
      </object_component>
      <object_component id="oc-11c">
         <name>.debug_abbrev</name>
         <load_address>0x78a</load_address>
         <run_address>0x78a</run_address>
         <size>0x29</size>
         <input_file_ref idref="fl-c8"/>
      </object_component>
      <object_component id="oc-14e">
         <name>.debug_abbrev</name>
         <load_address>0x7b3</load_address>
         <run_address>0x7b3</run_address>
         <size>0x6f</size>
         <input_file_ref idref="fl-c8"/>
      </object_component>
      <object_component id="oc-10d">
         <name>.debug_abbrev</name>
         <load_address>0x822</load_address>
         <run_address>0x822</run_address>
         <size>0x99</size>
         <input_file_ref idref="fl-c9"/>
      </object_component>
      <object_component id="oc-ad">
         <name>.debug_abbrev</name>
         <load_address>0x8bb</load_address>
         <run_address>0x8bb</run_address>
         <size>0x68</size>
         <input_file_ref idref="fl-c9"/>
      </object_component>
      <object_component id="oc-111">
         <name>.debug_abbrev</name>
         <load_address>0x923</load_address>
         <run_address>0x923</run_address>
         <size>0x49</size>
         <input_file_ref idref="fl-c9"/>
      </object_component>
      <object_component id="oc-c4">
         <name>.debug_abbrev</name>
         <load_address>0x96c</load_address>
         <run_address>0x96c</run_address>
         <size>0xb9</size>
         <input_file_ref idref="fl-ca"/>
      </object_component>
      <object_component id="oc-a5">
         <name>.debug_abbrev</name>
         <load_address>0xa25</load_address>
         <run_address>0xa25</run_address>
         <size>0x7e</size>
         <input_file_ref idref="fl-ca"/>
      </object_component>
      <object_component id="oc-c8">
         <name>.debug_abbrev</name>
         <load_address>0xaa3</load_address>
         <run_address>0xaa3</run_address>
         <size>0x24</size>
         <input_file_ref idref="fl-ca"/>
      </object_component>
      <object_component id="oc-12b">
         <name>.debug_abbrev</name>
         <load_address>0xac7</load_address>
         <run_address>0xac7</run_address>
         <size>0x24</size>
         <input_file_ref idref="fl-ca"/>
      </object_component>
      <object_component id="oc-cd">
         <name>.debug_abbrev</name>
         <load_address>0xaeb</load_address>
         <run_address>0xaeb</run_address>
         <size>0x4b</size>
         <input_file_ref idref="fl-ca"/>
      </object_component>
      <object_component id="oc-122">
         <name>.debug_abbrev</name>
         <load_address>0xb36</load_address>
         <run_address>0xb36</run_address>
         <size>0xa7</size>
         <input_file_ref idref="fl-cb"/>
      </object_component>
      <object_component id="oc-c1">
         <name>.debug_abbrev</name>
         <load_address>0xbdd</load_address>
         <run_address>0xbdd</run_address>
         <size>0x8c</size>
         <input_file_ref idref="fl-cb"/>
      </object_component>
      <object_component id="oc-126">
         <name>.debug_abbrev</name>
         <load_address>0xc69</load_address>
         <run_address>0xc69</run_address>
         <size>0x24</size>
         <input_file_ref idref="fl-cb"/>
      </object_component>
      <object_component id="oc-c3">
         <name>.debug_abbrev</name>
         <load_address>0xc8d</load_address>
         <run_address>0xc8d</run_address>
         <size>0x53</size>
         <input_file_ref idref="fl-cc"/>
      </object_component>
      <object_component id="oc-15a">
         <name>.debug_abbrev</name>
         <load_address>0xce0</load_address>
         <run_address>0xce0</run_address>
         <size>0x72</size>
         <input_file_ref idref="fl-cd"/>
      </object_component>
      <object_component id="oc-158">
         <name>.debug_abbrev</name>
         <load_address>0xd52</load_address>
         <run_address>0xd52</run_address>
         <size>0x27</size>
         <input_file_ref idref="fl-cd"/>
      </object_component>
      <object_component id="oc-15c">
         <name>.debug_abbrev</name>
         <load_address>0xd79</load_address>
         <run_address>0xd79</run_address>
         <size>0x6c</size>
         <input_file_ref idref="fl-cd"/>
      </object_component>
      <object_component id="oc-15d">
         <name>.debug_abbrev</name>
         <load_address>0xde5</load_address>
         <run_address>0xde5</run_address>
         <size>0x6c</size>
         <input_file_ref idref="fl-cd"/>
      </object_component>
      <object_component id="oc-144">
         <name>.debug_abbrev</name>
         <load_address>0xe51</load_address>
         <run_address>0xe51</run_address>
         <size>0x6c</size>
         <input_file_ref idref="fl-cd"/>
      </object_component>
      <object_component id="oc-136">
         <name>.debug_abbrev</name>
         <load_address>0xebd</load_address>
         <run_address>0xebd</run_address>
         <size>0x6c</size>
         <input_file_ref idref="fl-cd"/>
      </object_component>
      <object_component id="oc-151">
         <name>.debug_abbrev</name>
         <load_address>0xf29</load_address>
         <run_address>0xf29</run_address>
         <size>0xb0</size>
         <input_file_ref idref="fl-cf"/>
      </object_component>
      <object_component id="oc-15e">
         <name>.debug_abbrev</name>
         <load_address>0xfd9</load_address>
         <run_address>0xfd9</run_address>
         <size>0x27</size>
         <input_file_ref idref="fl-cf"/>
      </object_component>
      <object_component id="oc-132">
         <name>.debug_abbrev</name>
         <load_address>0x1000</load_address>
         <run_address>0x1000</run_address>
         <size>0x6e</size>
         <input_file_ref idref="fl-cf"/>
      </object_component>
      <object_component id="oc-131">
         <name>.debug_abbrev</name>
         <load_address>0x106e</load_address>
         <run_address>0x106e</run_address>
         <size>0x6c</size>
         <input_file_ref idref="fl-cf"/>
      </object_component>
      <object_component id="oc-12f">
         <name>.debug_abbrev</name>
         <load_address>0x10da</load_address>
         <run_address>0x10da</run_address>
         <size>0x7a</size>
         <input_file_ref idref="fl-cf"/>
      </object_component>
      <object_component id="oc-148">
         <name>.debug_abbrev</name>
         <load_address>0x1154</load_address>
         <run_address>0x1154</run_address>
         <size>0x60</size>
         <input_file_ref idref="fl-cf"/>
      </object_component>
      <object_component id="oc-155">
         <name>.debug_abbrev</name>
         <load_address>0x11b4</load_address>
         <run_address>0x11b4</run_address>
         <size>0x49</size>
         <input_file_ref idref="fl-cf"/>
      </object_component>
      <object_component id="oc-160">
         <name>.debug_abbrev</name>
         <load_address>0x11fd</load_address>
         <run_address>0x11fd</run_address>
         <size>0x72</size>
         <input_file_ref idref="fl-d0"/>
      </object_component>
      <object_component id="oc-14c">
         <name>.debug_abbrev</name>
         <load_address>0x126f</load_address>
         <run_address>0x126f</run_address>
         <size>0x6c</size>
         <input_file_ref idref="fl-d0"/>
      </object_component>
      <object_component id="oc-14b">
         <name>.debug_abbrev</name>
         <load_address>0x12db</load_address>
         <run_address>0x12db</run_address>
         <size>0x6c</size>
         <input_file_ref idref="fl-d0"/>
      </object_component>
      <object_component id="oc-14d">
         <name>.debug_abbrev</name>
         <load_address>0x1347</load_address>
         <run_address>0x1347</run_address>
         <size>0x6c</size>
         <input_file_ref idref="fl-d0"/>
      </object_component>
      <object_component id="oc-149">
         <name>.debug_abbrev</name>
         <load_address>0x13b3</load_address>
         <run_address>0x13b3</run_address>
         <size>0x6c</size>
         <input_file_ref idref="fl-d0"/>
      </object_component>
      <object_component id="oc-186">
         <name>.debug_abbrev</name>
         <load_address>0x141f</load_address>
         <run_address>0x141f</run_address>
         <size>0xf</size>
      </object_component>
      <object_component id="oc-be">
         <name>.debug_str</name>
         <load_address>0x0</load_address>
         <run_address>0x0</run_address>
         <size>0xfa</size>
         <input_file_ref idref="fl-2"/>
      </object_component>
      <object_component id="oc-80">
         <name>.debug_str</name>
         <load_address>0xfa</load_address>
         <run_address>0xfa</run_address>
         <size>0x22b</size>
         <input_file_ref idref="fl-2"/>
      </object_component>
      <object_component id="oc-3e">
         <name>.debug_str</name>
         <load_address>0x325</load_address>
         <run_address>0x325</run_address>
         <size>0xfa</size>
         <input_file_ref idref="fl-3"/>
      </object_component>
      <object_component id="oc-39">
         <name>.debug_str</name>
         <load_address>0x41f</load_address>
         <run_address>0x41f</run_address>
         <size>0x10d</size>
         <input_file_ref idref="fl-bf"/>
      </object_component>
      <object_component id="oc-85">
         <name>.debug_str</name>
         <load_address>0x52c</load_address>
         <run_address>0x52c</run_address>
         <size>0x14a</size>
         <input_file_ref idref="fl-bf"/>
      </object_component>
      <object_component id="oc-49">
         <name>.debug_str</name>
         <load_address>0x676</load_address>
         <run_address>0x676</run_address>
         <size>0x100</size>
         <input_file_ref idref="fl-c0"/>
      </object_component>
      <object_component id="oc-8c">
         <name>.debug_str</name>
         <load_address>0x776</load_address>
         <run_address>0x776</run_address>
         <size>0x12d</size>
         <input_file_ref idref="fl-c0"/>
      </object_component>
      <object_component id="oc-94">
         <name>.debug_str</name>
         <load_address>0x8a3</load_address>
         <run_address>0x8a3</run_address>
         <size>0x12d</size>
         <input_file_ref idref="fl-c1"/>
      </object_component>
      <object_component id="oc-113">
         <name>.debug_str</name>
         <load_address>0x9d0</load_address>
         <run_address>0x9d0</run_address>
         <size>0xd6</size>
         <input_file_ref idref="fl-c9"/>
      </object_component>
      <object_component id="oc-ca">
         <name>.debug_str</name>
         <load_address>0xaa6</load_address>
         <run_address>0xaa6</run_address>
         <size>0xe2</size>
         <input_file_ref idref="fl-ca"/>
      </object_component>
      <object_component id="oc-12d">
         <name>.debug_str</name>
         <load_address>0xb88</load_address>
         <run_address>0xb88</run_address>
         <size>0x138</size>
         <input_file_ref idref="fl-ca"/>
      </object_component>
      <object_component id="oc-cf">
         <name>.debug_str</name>
         <load_address>0xcc0</load_address>
         <run_address>0xcc0</run_address>
         <size>0x184</size>
         <input_file_ref idref="fl-ca"/>
      </object_component>
      <object_component id="oc-128">
         <name>.debug_str</name>
         <load_address>0xe44</load_address>
         <run_address>0xe44</run_address>
         <size>0xd7</size>
         <input_file_ref idref="fl-cb"/>
      </object_component>
      <object_component id="oc-157">
         <name>.debug_str</name>
         <load_address>0xf1b</load_address>
         <run_address>0xf1b</run_address>
         <size>0x141</size>
         <input_file_ref idref="fl-cf"/>
      </object_component>
      <object_component id="oc-a9">
         <name>.debug_aranges</name>
         <load_address>0x0</load_address>
         <run_address>0x0</run_address>
         <size>0x38</size>
         <input_file_ref idref="fl-2"/>
      </object_component>
      <object_component id="oc-2f">
         <name>.debug_aranges</name>
         <load_address>0x38</load_address>
         <run_address>0x38</run_address>
         <size>0x38</size>
         <input_file_ref idref="fl-3"/>
      </object_component>
      <object_component id="oc-26">
         <name>.debug_aranges</name>
         <load_address>0x70</load_address>
         <run_address>0x70</run_address>
         <size>0x20</size>
         <input_file_ref idref="fl-be"/>
      </object_component>
      <object_component id="oc-14">
         <name>.debug_aranges</name>
         <load_address>0x90</load_address>
         <run_address>0x90</run_address>
         <size>0x20</size>
         <input_file_ref idref="fl-bf"/>
      </object_component>
      <object_component id="oc-1b">
         <name>.debug_aranges</name>
         <load_address>0xb0</load_address>
         <run_address>0xb0</run_address>
         <size>0x20</size>
         <input_file_ref idref="fl-c0"/>
      </object_component>
      <object_component id="oc-70">
         <name>.debug_aranges</name>
         <load_address>0xd0</load_address>
         <run_address>0xd0</run_address>
         <size>0x30</size>
         <input_file_ref idref="fl-c2"/>
      </object_component>
      <object_component id="oc-41">
         <name>.debug_aranges</name>
         <load_address>0x100</load_address>
         <run_address>0x100</run_address>
         <size>0x20</size>
         <input_file_ref idref="fl-c3"/>
      </object_component>
      <object_component id="oc-5b">
         <name>.debug_aranges</name>
         <load_address>0x120</load_address>
         <run_address>0x120</run_address>
         <size>0x20</size>
         <input_file_ref idref="fl-c5"/>
      </object_component>
      <object_component id="oc-60">
         <name>.debug_aranges</name>
         <load_address>0x140</load_address>
         <run_address>0x140</run_address>
         <size>0x20</size>
         <input_file_ref idref="fl-c6"/>
      </object_component>
      <object_component id="oc-11b">
         <name>.debug_aranges</name>
         <load_address>0x160</load_address>
         <run_address>0x160</run_address>
         <size>0x30</size>
         <input_file_ref idref="fl-c8"/>
      </object_component>
      <object_component id="oc-6d">
         <name>.debug_aranges</name>
         <load_address>0x190</load_address>
         <run_address>0x190</run_address>
         <size>0x20</size>
         <input_file_ref idref="fl-c9"/>
      </object_component>
      <object_component id="oc-64">
         <name>.debug_aranges</name>
         <load_address>0x1b0</load_address>
         <run_address>0x1b0</run_address>
         <size>0x20</size>
         <input_file_ref idref="fl-ca"/>
      </object_component>
      <object_component id="oc-9c">
         <name>.debug_aranges</name>
         <load_address>0x1d0</load_address>
         <run_address>0x1d0</run_address>
         <size>0x20</size>
         <input_file_ref idref="fl-cb"/>
      </object_component>
      <object_component id="oc-a2">
         <name>.debug_aranges</name>
         <load_address>0x1f0</load_address>
         <run_address>0x1f0</run_address>
         <size>0x20</size>
         <input_file_ref idref="fl-cc"/>
      </object_component>
      <object_component id="oc-13a">
         <name>.debug_aranges</name>
         <load_address>0x210</load_address>
         <run_address>0x210</run_address>
         <size>0x20</size>
         <input_file_ref idref="fl-cd"/>
      </object_component>
      <object_component id="oc-140">
         <name>.debug_aranges</name>
         <load_address>0x230</load_address>
         <run_address>0x230</run_address>
         <size>0x20</size>
         <input_file_ref idref="fl-cd"/>
      </object_component>
      <object_component id="oc-ea">
         <name>.debug_aranges</name>
         <load_address>0x250</load_address>
         <run_address>0x250</run_address>
         <size>0x20</size>
         <input_file_ref idref="fl-cd"/>
      </object_component>
      <object_component id="oc-e4">
         <name>.debug_aranges</name>
         <load_address>0x270</load_address>
         <run_address>0x270</run_address>
         <size>0x20</size>
         <input_file_ref idref="fl-cd"/>
      </object_component>
      <object_component id="oc-df">
         <name>.debug_aranges</name>
         <load_address>0x290</load_address>
         <run_address>0x290</run_address>
         <size>0x20</size>
         <input_file_ref idref="fl-cf"/>
      </object_component>
      <object_component id="oc-d9">
         <name>.debug_aranges</name>
         <load_address>0x2b0</load_address>
         <run_address>0x2b0</run_address>
         <size>0x20</size>
         <input_file_ref idref="fl-cf"/>
      </object_component>
      <object_component id="oc-d2">
         <name>.debug_aranges</name>
         <load_address>0x2d0</load_address>
         <run_address>0x2d0</run_address>
         <size>0x20</size>
         <input_file_ref idref="fl-cf"/>
      </object_component>
      <object_component id="oc-f0">
         <name>.debug_aranges</name>
         <load_address>0x2f0</load_address>
         <run_address>0x2f0</run_address>
         <size>0x20</size>
         <input_file_ref idref="fl-cf"/>
      </object_component>
      <object_component id="oc-102">
         <name>.debug_aranges</name>
         <load_address>0x310</load_address>
         <run_address>0x310</run_address>
         <size>0x20</size>
         <input_file_ref idref="fl-d0"/>
      </object_component>
      <object_component id="oc-fc">
         <name>.debug_aranges</name>
         <load_address>0x330</load_address>
         <run_address>0x330</run_address>
         <size>0x20</size>
         <input_file_ref idref="fl-d0"/>
      </object_component>
      <object_component id="oc-108">
         <name>.debug_aranges</name>
         <load_address>0x350</load_address>
         <run_address>0x350</run_address>
         <size>0x20</size>
         <input_file_ref idref="fl-d0"/>
      </object_component>
      <object_component id="oc-f6">
         <name>.debug_aranges</name>
         <load_address>0x370</load_address>
         <run_address>0x370</run_address>
         <size>0x20</size>
         <input_file_ref idref="fl-d0"/>
      </object_component>
      <object_component id="oc-aa">
         <name>.debug_pubnames</name>
         <load_address>0x0</load_address>
         <run_address>0x0</run_address>
         <size>0x5c</size>
         <input_file_ref idref="fl-2"/>
      </object_component>
      <object_component id="oc-11">
         <name>.debug_pubnames</name>
         <load_address>0x5c</load_address>
         <run_address>0x5c</run_address>
         <size>0x23</size>
         <input_file_ref idref="fl-3"/>
      </object_component>
      <object_component id="oc-30">
         <name>.debug_pubnames</name>
         <load_address>0x7f</load_address>
         <run_address>0x7f</run_address>
         <size>0x4c</size>
         <input_file_ref idref="fl-3"/>
      </object_component>
      <object_component id="oc-27">
         <name>.debug_pubnames</name>
         <load_address>0xcb</load_address>
         <run_address>0xcb</run_address>
         <size>0x1f</size>
         <input_file_ref idref="fl-be"/>
      </object_component>
      <object_component id="oc-15">
         <name>.debug_pubnames</name>
         <load_address>0xea</load_address>
         <run_address>0xea</run_address>
         <size>0x2b</size>
         <input_file_ref idref="fl-bf"/>
      </object_component>
      <object_component id="oc-1c">
         <name>.debug_pubnames</name>
         <load_address>0x115</load_address>
         <run_address>0x115</run_address>
         <size>0x2b</size>
         <input_file_ref idref="fl-c0"/>
      </object_component>
      <object_component id="oc-b1">
         <name>.debug_pubnames</name>
         <load_address>0x140</load_address>
         <run_address>0x140</run_address>
         <size>0x5e</size>
         <input_file_ref idref="fl-c2"/>
      </object_component>
      <object_component id="oc-74">
         <name>.debug_pubnames</name>
         <load_address>0x19e</load_address>
         <run_address>0x19e</run_address>
         <size>0x35</size>
         <input_file_ref idref="fl-c2"/>
      </object_component>
      <object_component id="oc-42">
         <name>.debug_pubnames</name>
         <load_address>0x1d3</load_address>
         <run_address>0x1d3</run_address>
         <size>0x1d</size>
         <input_file_ref idref="fl-c3"/>
      </object_component>
      <object_component id="oc-5a">
         <name>.debug_pubnames</name>
         <load_address>0x1f0</load_address>
         <run_address>0x1f0</run_address>
         <size>0x21</size>
         <input_file_ref idref="fl-c5"/>
      </object_component>
      <object_component id="oc-5f">
         <name>.debug_pubnames</name>
         <load_address>0x211</load_address>
         <run_address>0x211</run_address>
         <size>0x27</size>
         <input_file_ref idref="fl-c6"/>
      </object_component>
      <object_component id="oc-77">
         <name>.debug_pubnames</name>
         <load_address>0x238</load_address>
         <run_address>0x238</run_address>
         <size>0x23</size>
         <input_file_ref idref="fl-c7"/>
[...]
            <object_component_ref idref="oc-c1"/>
            <object_component_ref idref="oc-126"/>
            <object_component_ref idref="oc-c3"/>
            <object_component_ref idref="oc-15a"/>
            <object_component_ref idref="oc-158"/>
            <object_component_ref idref="oc-15c"/>
            <object_component_ref idref="oc-15d"/>
            <object_component_ref idref="oc-144"/>
            <object_component_ref idref="oc-136"/>
            <object_component_ref idref="oc-151"/>
            <object_component_ref idref="oc-15e"/>
            <object_component_ref idref="oc-132"/>
            <object_component_ref idref="oc-131"/>
            <object_component_ref idref="oc-12f"/>
            <object_component_ref idref="oc-148"/>
            <object_component_ref idref="oc-155"/>
            <object_component_ref idref="oc-160"/>
            <object_component_ref idref="oc-14c"/>
            <object_component_ref idref="oc-14b"/>
            <object_component_ref idref="oc-14d"/>
            <object_component_ref idref="oc-149"/>
            <object_component_ref idref="oc-186"/>
         </contents>
      </logical_group>
      <logical_group id="lg-179" display="never" color="cyan">
         <name>.debug_str</name>
         <load_address>0x0</load_address>
         <run_address>0x0</run_address>
         <size>0x105c</size>
         <contents>
            <object_component_ref idref="oc-be"/>
            <object_component_ref idref="oc-80"/>
            <object_component_ref idref="oc-3e"/>
            <object_component_ref idref="oc-39"/>
            <object_component_ref idref="oc-85"/>
            <object_component_ref idref="oc-49"/>
            <object_component_ref idref="oc-8c"/>
            <object_component_ref idref="oc-94"/>
            <object_component_ref idref="oc-113"/>
            <object_component_ref idref="oc-ca"/>
            <object_component_ref idref="oc-12d"/>
            <object_component_ref idref="oc-cf"/>
            <object_component_ref idref="oc-128"/>
            <object_component_ref idref="oc-157"/>
         </contents>
      </logical_group>
      <logical_group id="lg-17b" display="never" color="cyan">
         <name>.debug_aranges</name>
         <load_address>0x0</load_address>
         <run_address>0x0</run_address>
         <size>0x390</size>
         <contents>
            <object_component_ref idref="oc-a9"/>
            <object_component_ref idref="oc-2f"/>
            <object_component_ref idref="oc-26"/>
            <object_component_ref idref="oc-14"/>
            <object_component_ref idref="oc-1b"/>
            <object_component_ref idref="oc-70"/>
            <object_component_ref idref="oc-41"/>
            <object_component_ref idref="oc-5b"/>
            <object_component_ref idref="oc-60"/>
            <object_component_ref idref="oc-11b"/>
            <object_component_ref idref="oc-6d"/>
            <object_component_ref idref="oc-64"/>
            <object_component_ref idref="oc-9c"/>
            <object_component_ref idref="oc-a2"/>
            <object_component_ref idref="oc-13a"/>
            <object_component_ref idref="oc-140"/>
            <object_component_ref idref="oc-ea"/>
            <object_component_ref idref="oc-e4"/>
            <object_component_ref idref="oc-df"/>
            <object_component_ref idref="oc-d9"/>
            <object_component_ref idref="oc-d2"/>
            <object_component_ref idref="oc-f0"/>
            <object_component_ref idref="oc-102"/>
            <object_component_ref idref="oc-fc"/>
            <object_component_ref idref="oc-108"/>
            <object_component_ref idref="oc-f6"/>
         </contents>
      </logical_group>
      <logical_group id="lg-17d" display="never" color="cyan">
         <name>.debug_pubnames</name>
         <load_address>0x0</load_address>
         <run_address>0x0</run_address>
         <size>0x56c</size>
         <contents>
            <object_component_ref idref="oc-aa"/>
            <object_component_ref idref="oc-11"/>
            <object_component_ref idref="oc-30"/>
            <object_component_ref idref="oc-27"/>
            <object_component_ref idref="oc-15"/>
            <object_component_ref idref="oc-1c"/>
            <object_component_ref idref="oc-b1"/>
            <object_component_ref idref="oc-74"/>
            <object_component_ref idref="oc-42"/>
            <object_component_ref idref="oc-5a"/>
            <object_component_ref idref="oc-5f"/>
            <object_component_ref idref="oc-77"/>
            <object_component_ref idref="oc-b4"/>
            <object_component_ref idref="oc-11a"/>
            <object_component_ref idref="oc-6e"/>
            <object_component_ref idref="oc-66"/>
            <object_component_ref idref="oc-9b"/>
            <object_component_ref idref="oc-a1"/>
            <object_component_ref idref="oc-135"/>
            <object_component_ref idref="oc-13b"/>
            <object_component_ref idref="oc-141"/>
            <object_component_ref idref="oc-eb"/>
            <object_component_ref idref="oc-e5"/>
            <object_component_ref idref="oc-147"/>
            <object_component_ref idref="oc-e1"/>
            <object_component_ref idref="oc-db"/>
            <object_component_ref idref="oc-d3"/>
            <object_component_ref idref="oc-f1"/>
            <object_component_ref idref="oc-103"/>
            <object_component_ref idref="oc-fd"/>
            <object_component_ref idref="oc-109"/>
            <object_component_ref idref="oc-f7"/>
         </contents>
      </logical_group>
      <logical_group id="lg-17f" display="never" color="cyan">
         <name>.debug_pubtypes</name>
         <load_address>0x0</load_address>
         <run_address>0x0</run_address>
         <size>0x625</size>
         <contents>
            <object_component_ref idref="oc-bb"/>
            <object_component_ref idref="oc-7d"/>
            <object_component_ref idref="oc-3b"/>
            <object_component_ref idref="oc-36"/>
            <object_component_ref idref="oc-82"/>
            <object_component_ref idref="oc-46"/>
            <object_component_ref idref="oc-89"/>
            <object_component_ref idref="oc-91"/>
            <object_component_ref idref="oc-b7"/>
            <object_component_ref idref="oc-11f"/>
            <object_component_ref idref="oc-110"/>
            <object_component_ref idref="oc-c7"/>
            <object_component_ref idref="oc-12a"/>
            <object_component_ref idref="oc-cc"/>
            <object_component_ref idref="oc-125"/>
            <object_component_ref idref="oc-154"/>
         </contents>
      </logical_group>
      <load_segment id="lg-188" display="no" color="cyan">
         <name>SEGMENT_0</name>
         <load_address>0x0</load_address>
         <run_address>0x0</run_address>
         <size>0xc74</size>
         <flags>0x5</flags>
         <contents>
            <logical_group_ref idref="lg-3"/>
            <logical_group_ref idref="lg-4"/>
            <logical_group_ref idref="lg-5"/>
            <logical_group_ref idref="lg-6"/>
         </contents>
      </load_segment>
      <load_segment id="lg-189" display="no" color="cyan">
         <name>SEGMENT_1</name>
         <run_address>0x20000000</run_address>
         <size>0x218</size>
         <flags>0x6</flags>
         <contents>
            <logical_group_ref idref="lg-d"/>
            <logical_group_ref idref="lg-a"/>
         </contents>
      </load_segment>
   </logical_group_list>
   <placement_map>
      <memory_area display="yes" color="green">
         <name>FLASH</name>
         <page_id>0x0</page_id>
         <origin>0x0</origin>
         <length>0x40000</length>
         <used_space>0xc74</used_space>
         <unused_space>0x3f38c</unused_space>
         <attributes>RX</attributes>
         <usage_details>
            <allocated_space>
               <start_address>0x0</start_address>
               <size>0x26c</size>
               <logical_group_ref idref="lg-3"/>
            </allocated_space>
            <allocated_space>
               <start_address>0x26c</start_address>
               <size>0x8e8</size>
               <logical_group_ref idref="lg-4"/>
            </allocated_space>
            <allocated_space>
               <start_address>0xb54</start_address>
               <size>0xfc</size>
               <logical_group_ref idref="lg-5"/>
            </allocated_space>
            <allocated_space>
               <start_address>0xc50</start_address>
               <size>0x24</size>
               <logical_group_ref idref="lg-6"/>
            </allocated_space>
            <available_space>
               <start_address>0xc74</start_address>
               <size>0x3f38c</size>
            </available_space>
         </usage_details>
      </memory_area>
      <memory_area display="yes" color="green">
         <name>SRAM</name>
         <page_id>0x0</page_id>
         <origin>0x20000000</origin>
         <length>0x8000</length>
         <used_space>0x218</used_space>
         <unused_space>0x7de8</unused_space>
         <attributes>RWX</attributes>
         <usage_details>
            <allocated_space>
               <start_address>0x20000000</start_address>
               <size>0x200</size>
               <logical_group_ref idref="lg-d"/>
            </allocated_space>
            <allocated_space>
               <start_address>0x20000200</start_address>
               <size>0x18</size>
               <logical_group_ref idref="lg-a"/>
            </allocated_space>
            <available_space>
               <start_address>0x20000218</start_address>
               <size>0x7de8</size>
            </available_space>
         </usage_details>
      </memory_area>
   </placement_map>
   <cptbl_list>
      <cptbl>
         <name>__TI_cinit_table</name>
         <cprec>
            <name>.data</name>
            <load_address>0xc50</load_address>
            <load_size>0x11</load_size>
            <run_address>0x20000200</run_address>
            <run_size>0x18</run_size>
            <compression>lzss</compression>
         </cprec>
      </cptbl>
   </cptbl_list>
   <handler_table>
      <handler_table_name>__TI_handler_table</handler_table_name>
      <handler>
         <index>0x0</index>
         <name>__TI_decompress_lzss</name>
      </handler>
      <handler>
         <index>0x1</index>
         <name>__TI_decompress_none</name>
      </handler>
   </handler_table>
   <symbol_table>
      <symbol id="sm-1">
         <name>__STACK_TOP</name>
         <value>0x20000200</value>
      </symbol>
      <symbol id="sm-2">
         <name>__TI_CINIT_Base</name>
         <value>0xc6c</value>
      </symbol>
      <symbol id="sm-3">
         <name>__TI_CINIT_Limit</name>
         <value>0xc74</value>
      </symbol>
      <symbol id="sm-4">
         <name>__TI_Handler_Table_Base</name>
         <value>0xc64</value>
      </symbol>
      <symbol id="sm-5">
         <name>__TI_Handler_Table_Limit</name>
         <value>0xc6c</value>
      </symbol>
      <symbol id="sm-6">
         <name>binit</name>
         <value>0xffffffff</value>
      </symbol>
      <symbol id="sm-7">
         <name>__binit__</name>
         <value>0xffffffff</value>
      </symbol>
      <symbol id="sm-8">
         <name>__STACK_SIZE</name>
         <value>0x200</value>
      </symbol>
      <symbol id="sm-9">
         <name>__STACK_END</name>
         <value>0x20000200</value>
      </symbol>
      <symbol id="sm-a">
         <name>__c_args__</name>
         <value>0xffffffff</value>
      </symbol>
      <symbol id="sm-b">
         <name>__TI_pprof_out_hndl</name>
         <value>0xffffffff</value>
      </symbol>
      <symbol id="sm-c">
         <name>__TI_prof_data_start</name>
         <value>0xffffffff</value>
      </symbol>
      <symbol id="sm-d">
         <name>__TI_prof_data_size</name>
         <value>0xffffffff</value>
      </symbol>
      <symbol id="sm-52">
         <name>main</name>
         <value>0x2e5</value>
         <object_component_ref idref="oc-a7"/>
      </symbol>
      <symbol id="sm-53">
         <name>SysTick_Delay_10ms</name>
         <value>0x299</value>
         <object_component_ref idref="oc-a7"/>
      </symbol>
      <symbol id="sm-54">
         <name>SysTick_Init</name>
         <value>0x26d</value>
         <object_component_ref idref="oc-a7"/>
      </symbol>
      <symbol id="sm-55">
         <name>SysTick80_Delay_10ms</name>
         <value>0x2bf</value>
         <object_component_ref idref="oc-a7"/>
      </symbol>
      <symbol id="sm-76">
         <name>ResetISR</name>
         <value>0xb3f</value>
         <object_component_ref idref="oc-2b"/>
      </symbol>
      <symbol id="sm-77">
         <name>g_pfnVectors</name>
         <value>0x0</value>
         <object_component_ref idref="oc-f"/>
      </symbol>
      <symbol id="sm-88">
         <name>_c_int00</name>
         <value>0x8ed</value>
         <object_component_ref idref="oc-24"/>
      </symbol>
      <symbol id="sm-89">
         <name>__stack</name>
         <value>0x20000000</value>
         <object_component_ref idref="oc-2a"/>
      </symbol>
      <symbol id="sm-a7">
         <name>__TI_decompress_lzss</name>
         <value>0x825</value>
         <object_component_ref idref="oc-12"/>
      </symbol>
      <symbol id="sm-be">
         <name>__TI_decompress_none</name>
         <value>0xb31</value>
         <object_component_ref idref="oc-18"/>
      </symbol>
      <symbol id="sm-e5">
         <name>C$$EXIT</name>
         <value>0x941</value>
         <object_component_ref idref="oc-6f"/>
      </symbol>
      <symbol id="sm-e6">
         <name>abort</name>
         <value>0x945</value>
         <object_component_ref idref="oc-6f"/>
      </symbol>
      <symbol id="sm-e7">
         <name>exit</name>
         <value>0x94d</value>
         <object_component_ref idref="oc-6f"/>
      </symbol>
      <symbol id="sm-e8">
         <name>__TI_dtors_ptr</name>
         <value>0x20000204</value>
         <object_component_ref idref="oc-af"/>
      </symbol>
      <symbol id="sm-e9">
         <name>__TI_cleanup_ptr</name>
         <value>0x20000200</value>
         <object_component_ref idref="oc-af"/>
      </symbol>
      <symbol id="sm-ea">
         <name>__TI_enable_exit_profile_output</name>
         <value>0x20000208</value>
         <object_component_ref idref="oc-af"/>
      </symbol>
      <symbol id="sm-105">
         <name>memcpy</name>
         <value>0x719</value>
         <object_component_ref idref="oc-3f"/>
      </symbol>
      <symbol id="sm-106">
         <name>__aeabi_memcpy</name>
         <value>0x719</value>
         <object_component_ref idref="oc-3f"/>
      </symbol>
      <symbol id="sm-107">
         <name>__aeabi_memcpy8</name>
         <value>0x719</value>
         <object_component_ref idref="oc-3f"/>
      </symbol>
      <symbol id="sm-108">
         <name>__aeabi_memcpy4</name>
         <value>0x719</value>
         <object_component_ref idref="oc-3f"/>
      </symbol>
      <symbol id="sm-113">
         <name>__mpu_init</name>
         <value>0x513</value>
         <object_component_ref idref="oc-57"/>
      </symbol>
      <symbol id="sm-11d">
         <name>_system_pre_init</name>
         <value>0xb51</value>
         <object_component_ref idref="oc-5d"/>
      </symbol>
      <symbol id="sm-125">
         <name>main_func_sp</name>
         <value>0x20000214</value>
         <object_component_ref idref="oc-75"/>
      </symbol>
      <symbol id="sm-13e">
         <name>_nop</name>
         <value>0xae7</value>
         <object_component_ref idref="oc-116"/>
      </symbol>
      <symbol id="sm-13f">
         <name>_lock</name>
         <value>0x2000020c</value>
         <object_component_ref idref="oc-b2"/>
      </symbol>
      <symbol id="sm-140">
         <name>_unlock</name>
         <value>0x20000210</value>
         <object_component_ref idref="oc-b2"/>
      </symbol>
      <symbol id="sm-141">
         <name>_register_lock</name>
         <value>0xadf</value>
         <object_component_ref idref="oc-116"/>
      </symbol>
      <symbol id="sm-142">
         <name>_register_unlock</name>
         <value>0xad9</value>
         <object_component_ref idref="oc-116"/>
      </symbol>
      <symbol id="sm-156">
         <name>_args_main</name>
         <value>0xac1</value>
         <object_component_ref idref="oc-69"/>
      </symbol>
      <symbol id="sm-180">
         <name>__TI_auto_init</name>
         <value>0x7b5</value>
         <object_component_ref idref="oc-63"/>
      </symbol>
      <symbol id="sm-19a">
         <name>copy_in</name>
         <value>0x995</value>
         <object_component_ref idref="oc-99"/>
      </symbol>
      <symbol id="sm-1a4">
         <name>_system_post_cinit</name>
         <value>0xabf</value>
         <object_component_ref idref="oc-9f"/>
      </symbol>
      <symbol id="sm-1d6">
         <name>GPIOPinConfigure</name>
         <value>0x9e1</value>
         <object_component_ref idref="oc-e2"/>
      </symbol>
      <symbol id="sm-1d7">
         <name>GPIODirModeSet</name>
         <value>0xa95</value>
         <object_component_ref idref="oc-138"/>
      </symbol>
      <symbol id="sm-1d8">
         <name>GPIOPadConfigSet</name>
         <value>0x3e1</value>
         <object_component_ref idref="oc-13e"/>
      </symbol>
      <symbol id="sm-1d9">
         <name>GPIOPinTypeTimer</name>
         <value>0xaed</value>
         <object_component_ref idref="oc-e8"/>
      </symbol>
      <symbol id="sm-237">
         <name>SysCtlClockSet</name>
         <value>0x625</value>
         <object_component_ref idref="oc-d0"/>
      </symbol>
      <symbol id="sm-238">
         <name>SysCtlDelay</name>
         <value>0xb4b</value>
         <object_component_ref idref="oc-12e"/>
      </symbol>
      <symbol id="sm-239">
         <name>SysCtlPeripheralEnable</name>
         <value>0xa61</value>
         <object_component_ref idref="oc-d6"/>
      </symbol>
      <symbol id="sm-23a">
         <name>SysCtlClockGet</name>
         <value>0x515</value>
         <object_component_ref idref="oc-ee"/>
      </symbol>
      <symbol id="sm-23b">
         <name>SysCtlPeripheralReady</name>
         <value>0xa29</value>
         <object_component_ref idref="oc-dc"/>
      </symbol>
      <symbol id="sm-267">
         <name>TimerMatchSet</name>
         <value>0xb11</value>
         <object_component_ref idref="oc-100"/>
      </symbol>
      <symbol id="sm-268">
         <name>TimerLoadSet</name>
         <value>0xaff</value>
         <object_component_ref idref="oc-fa"/>
      </symbol>
      <symbol id="sm-269">
         <name>TimerEnable</name>
         <value>0xb23</value>
         <object_component_ref idref="oc-106"/>
      </symbol>
      <symbol id="sm-26a">
         <name>TimerConfigure</name>
         <value>0x88d</value>
         <object_component_ref idref="oc-f4"/>
      </symbol>
      <symbol id="sm-26c">
         <name>__TI_static_base__</name>
         <value>0x0</value>
      </symbol>
      <symbol id="sm-26f">
         <name>SHT$$INIT_ARRAY$$Limit</name>
         <value>0x0</value>
      </symbol>
      <symbol id="sm-270">
         <name>SHT$$INIT_ARRAY$$Base</name>
         <value>0x0</value>
      </symbol>
   </symbol_table>
   <title>Link successful</title>
</link_info>
